Archive member included to satisfy reference by file (symbol)

/home/n0ragam1/Ac6/SystemWorkbench/plugins/fr.ac6.mcu.externaltools.arm-none.linux32_1.13.1.201703061523/tools/compiler/bin/../lib/gcc/arm-none-eabi/5.4.1/armv7e-m/fpu/libgcc.a(_aeabi_uldivmod.o)
                              Drivers/STM32F4xx_HAL_Driver/Src/stm32f4xx_hal_rcc.o (__aeabi_uldivmod)
/home/n0ragam1/Ac6/SystemWorkbench/plugins/fr.ac6.mcu.externaltools.arm-none.linux32_1.13.1.201703061523/tools/compiler/bin/../lib/gcc/arm-none-eabi/5.4.1/armv7e-m/fpu/libgcc.a(_udivmoddi4.o)
                              /home/n0ragam1/Ac6/SystemWorkbench/plugins/fr.ac6.mcu.externaltools.arm-none.linux32_1.13.1.201703061523/tools/compiler/bin/../lib/gcc/arm-none-eabi/5.4.1/armv7e-m/fpu/libgcc.a(_aeabi_uldivmod.o) (__udivmoddi4)
/home/n0ragam1/Ac6/SystemWorkbench/plugins/fr.ac6.mcu.externaltools.arm-none.linux32_1.13.1.201703061523/tools/compiler/bin/../lib/gcc/arm-none-eabi/5.4.1/armv7e-m/fpu/libgcc.a(_dvmd_tls.o)
                              /home/n0ragam1/Ac6/SystemWorkbench/plugins/fr.ac6.mcu.externaltools.arm-none.linux32_1.13.1.201703061523/tools/compiler/bin/../lib/gcc/arm-none-eabi/5.4.1/armv7e-m/fpu/libgcc.a(_aeabi_uldivmod.o) (__aeabi_ldiv0)
/home/n0ragam1/Ac6/SystemWorkbench/plugins/fr.ac6.mcu.externaltools.arm-none.linux32_1.13.1.201703061523/tools/compiler/bin/../lib/gcc/arm-none-eabi/5.4.1/../../../../arm-none-eabi/lib/armv7e-m/fpu/libc_nano.a(lib_a-exit.o)
                              /home/n0ragam1/Ac6/SystemWorkbench/plugins/fr.ac6.mcu.externaltools.arm-none.linux32_1.13.1.201703061523/tools/compiler/bin/../lib/gcc/arm-none-eabi/5.4.1/../../../../arm-none-eabi/lib/armv7e-m/fpu/crt0.o (exit)
/home/n0ragam1/Ac6/SystemWorkbench/plugins/fr.ac6.mcu.externaltools.arm-none.linux32_1.13.1.201703061523/tools/compiler/bin/../lib/gcc/arm-none-eabi/5.4.1/../../../../arm-none-eabi/lib/armv7e-m/fpu/libc_nano.a(lib_a-impure.o)
                              /home/n0ragam1/Ac6/SystemWorkbench/plugins/fr.ac6.mcu.externaltools.arm-none.linux32_1.13.1.201703061523/tools/compiler/bin/../lib/gcc/arm-none-eabi/5.4.1/../../../../arm-none-eabi/lib/armv7e-m/fpu/libc_nano.a(lib_a-exit.o) (_global_impure_ptr)
/home/n0ragam1/Ac6/SystemWorkbench/plugins/fr.ac6.mcu.externaltools.arm-none.linux32_1.13.1.201703061523/tools/compiler/bin/../lib/gcc/arm-none-eabi/5.4.1/../../../../arm-none-eabi/lib/armv7e-m/fpu/libc_nano.a(lib_a-init.o)
                              /home/n0ragam1/Ac6/SystemWorkbench/plugins/fr.ac6.mcu.externaltools.arm-none.linux32_1.13.1.201703061523/tools/compiler/bin/../lib/gcc/arm-none-eabi/5.4.1/../../../../arm-none-eabi/lib/armv7e-m/fpu/crt0.o (__libc_init_array)
/home/n0ragam1/Ac6/SystemWorkbench/plugins/fr.ac6.mcu.externaltools.arm-none.linux32_1.13.1.201703061523/tools/compiler/bin/../lib/gcc/arm-none-eabi/5.4.1/../../../../arm-none-eabi/lib/armv7e-m/fpu/libc_nano.a(lib_a-memset.o)
                              /home/n0ragam1/Ac6/SystemWorkbench/plugins/fr.ac6.mcu.externaltools.arm-none.linux32_1.13.1.201703061523/tools/compiler/bin/../lib/gcc/arm-none-eabi/5.4.1/../../../../arm-none-eabi/lib/armv7e-m/fpu/crt0.o (memset)
/home/n0ragam1/Ac6/SystemWorkbench/plugins/fr.ac6.mcu.externaltools.arm-none.linux32_1.13.1.201703061523/tools/compiler/bin/../lib/gcc/arm-none-eabi/5.4.1/../../../../arm-none-eabi/lib/armv7e-m/fpu/libnosys.a(_exit.o)
                              /home/n0ragam1/Ac6/SystemWorkbench/plugins/fr.ac6.mcu.externaltools.arm-none.linux32_1.13.1.201703061523/tools/compiler/bin/../lib/gcc/arm-none-eabi/5.4.1/../../../../arm-none-eabi/lib/armv7e-m/fpu/libc_nano.a(lib_a-exit.o) (_exit)

Allocating common symbols
Common symbol       size              file

uwTick              0x4               Drivers/STM32F4xx_HAL_Driver/Src/stm32f4xx_hal.o
pFlash              0x20              Drivers/STM32F4xx_HAL_Driver/Src/stm32f4xx_hal_flash.o
huart2              0x40              Src/usart.o

Discarded input sections

 .text          0x00000000        0x0 /home/n0ragam1/Ac6/SystemWorkbench/plugins/fr.ac6.mcu.externaltools.arm-none.linux32_1.13.1.201703061523/tools/compiler/bin/../lib/gcc/arm-none-eabi/5.4.1/armv7e-m/fpu/crti.o
 .data          0x00000000        0x0 /home/n0ragam1/Ac6/SystemWorkbench/plugins/fr.ac6.mcu.externaltools.arm-none.linux32_1.13.1.201703061523/tools/compiler/bin/../lib/gcc/arm-none-eabi/5.4.1/armv7e-m/fpu/crti.o
 .bss           0x00000000        0x0 /home/n0ragam1/Ac6/SystemWorkbench/plugins/fr.ac6.mcu.externaltools.arm-none.linux32_1.13.1.201703061523/tools/compiler/bin/../lib/gcc/arm-none-eabi/5.4.1/armv7e-m/fpu/crti.o
 .data          0x00000000        0x4 /home/n0ragam1/Ac6/SystemWorkbench/plugins/fr.ac6.mcu.externaltools.arm-none.linux32_1.13.1.201703061523/tools/compiler/bin/../lib/gcc/arm-none-eabi/5.4.1/armv7e-m/fpu/crtbegin.o
[...]
Memory Configuration

Name             Origin             Length             Attributes
RAM              0x20000000         0x00020000         xrw
FLASH            0x08000000         0x00080000         xr
*default*        0x00000000         0xffffffff

Linker script and memory map

LOAD /home/n0ragam1/Ac6/SystemWorkbench/plugins/fr.ac6.mcu.externaltools.arm-none.linux32_1.13.1.201703061523/tools/compiler/bin/../lib/gcc/arm-none-eabi/5.4.1/armv7e-m/fpu/crti.o
LOAD /home/n0ragam1/Ac6/SystemWorkbench/plugins/fr.ac6.mcu.externaltools.arm-none.linux32_1.13.1.201703061523/tools/compiler/bin/../lib/gcc/arm-none-eabi/5.4.1/armv7e-m/fpu/crtbegin.o
LOAD /home/n0ragam1/Ac6/SystemWorkbench/plugins/fr.ac6.mcu.externaltools.arm-none.linux32_1.13.1.201703061523/tools/compiler/bin/../lib/gcc/arm-none-eabi/5.4.1/../../../../arm-none-eabi/lib/armv7e-m/fpu/crt0.o
LOAD /home/n0ragam1/Ac6/SystemWorkbench/plugins/fr.ac6.mcu.externaltools.arm-none.linux32_1.13.1.201703061523/tools/compiler/bin/../lib/gcc/arm-none-eabi/5.4.1/../../../../arm-none-eabi/lib/armv7e-m/fpu/libm.a
LOAD Drivers/STM32F4xx_HAL_Driver/Src/stm32f4xx_hal.o
LOAD Drivers/STM32F4xx_HAL_Driver/Src/stm32f4xx_hal_cortex.o
LOAD Drivers/STM32F4xx_HAL_Driver/Src/stm32f4xx_hal_dma.o
LOAD Drivers/STM32F4xx_HAL_Driver/Src/stm32f4xx_hal_dma_ex.o
LOAD Drivers/STM32F4xx_HAL_Driver/Src/stm32f4xx_hal_flash.o
LOAD Drivers/STM32F4xx_HAL_Driver/Src/stm32f4xx_hal_flash_ex.o
LOAD Drivers/STM32F4xx_HAL_Driver/Src/stm32f4xx_hal_flash_ramfunc.o
LOAD Drivers/STM32F4xx_HAL_Driver/Src/stm32f4xx_hal_gpio.o
LOAD Drivers/STM32F4xx_HAL_Driver/Src/stm32f4xx_hal_pwr.o
LOAD Drivers/STM32F4xx_HAL_Driver/Src/stm32f4xx_hal_pwr_ex.o
LOAD Drivers/STM32F4xx_HAL_Driver/Src/stm32f4xx_hal_rcc.o
LOAD Drivers/STM32F4xx_HAL_Driver/Src/stm32f4xx_hal_rcc_ex.o
LOAD Drivers/STM32F4xx_HAL_Driver/Src/stm32f4xx_hal_tim.o
LOAD Drivers/STM32F4xx_HAL_Driver/Src/stm32f4xx_hal_tim_ex.o
LOAD Drivers/STM32F4xx_HAL_Driver/Src/stm32f4xx_hal_uart.o
LOAD Src/gpio.o
LOAD Src/main.o
LOAD Src/stm32f4xx_hal_msp.o
LOAD Src/stm32f4xx_it.o
LOAD Src/system_stm32f4xx.o
LOAD Src/usart.o
LOAD startup/startup_stm32f446xx.o
START GROUP
LOAD /home/n0ragam1/Ac6/SystemWorkbench/plugins/fr.ac6.mcu.externaltools.arm-none.linux32_1.13.1.201703061523/tools/compiler/bin/../lib/gcc/arm-none-eabi/5.4.1/armv7e-m/fpu/libgcc.a
LOAD /home/n0ragam1/Ac6/SystemWorkbench/plugins/fr.ac6.mcu.externaltools.arm-none.linux32_1.13.1.201703061523/tools/compiler/bin/../lib/gcc/arm-none-eabi/5.4.1/../../../../arm-none-eabi/lib/armv7e-m/fpu/libc_nano.a
END GROUP
START GROUP
LOAD /home/n0ragam1/Ac6/SystemWorkbench/plugins/fr.ac6.mcu.externaltools.arm-none.linux32_1.13.1.201703061523/tools/compiler/bin/../lib/gcc/arm-none-eabi/5.4.1/armv7e-m/fpu/libgcc.a
LOAD /home/n0ragam1/Ac6/SystemWorkbench/plugins/fr.ac6.mcu.externaltools.arm-none.linux32_1.13.1.201703061523/tools/compiler/bin/../lib/gcc/arm-none-eabi/5.4.1/../../../../arm-none-eabi/lib/armv7e-m/fpu/libc_nano.a
LOAD /home/n0ragam1/Ac6/SystemWorkbench/plugins/fr.ac6.mcu.externaltools.arm-none.linux32_1.13.1.201703061523/tools/compiler/bin/../lib/gcc/arm-none-eabi/5.4.1/../../../../arm-none-eabi/lib/armv7e-m/fpu/libnosys.a
END GROUP
START GROUP
LOAD /home/n0ragam1/Ac6/SystemWorkbench/plugins/fr.ac6.mcu.externaltools.arm-none.linux32_1.13.1.201703061523/tools/compiler/bin/../lib/gcc/arm-none-eabi/5.4.1/armv7e-m/fpu/libgcc.a
LOAD /home/n0ragam1/Ac6/SystemWorkbench/plugins/fr.ac6.mcu.externaltools.arm-none.linux32_1.13.1.201703061523/tools/compiler/bin/../lib/gcc/arm-none-eabi/5.4.1/../../../../arm-none-eabi/lib/armv7e-m/fpu/libc_nano.a
LOAD /home/n0ragam1/Ac6/SystemWorkbench/plugins/fr.ac6.mcu.externaltools.arm-none.linux32_1.13.1.201703061523/tools/compiler/bin/../lib/gcc/arm-none-eabi/5.4.1/../../../../arm-none-eabi/lib/armv7e-m/fpu/libnosys.a
END GROUP
LOAD /home/n0ragam1/Ac6/SystemWorkbench/plugins/fr.ac6.mcu.externaltools.arm-none.linux32_1.13.1.201703061523/tools/compiler/bin/../lib/gcc/arm-none-eabi/5.4.1/armv7e-m/fpu/crtend.o
LOAD /home/n0ragam1/Ac6/SystemWorkbench/plugins/fr.ac6.mcu.externaltools.arm-none.linux32_1.13.1.201703061523/tools/compiler/bin/../lib/gcc/arm-none-eabi/5.4.1/armv7e-m/fpu/crtn.o
                0x20020000                _estack = 0x20020000
                0x00000200                _Min_Heap_Size = 0x200
                0x00000400                _Min_Stack_Size = 0x400

.isr_vector     0x08000000      0x1c4
                0x08000000                . = ALIGN (0x4)
 *(.isr_vector)
 .isr_vector    0x08000000      0x1c4 startup/startup_stm32f446xx.o
                0x08000000                g_pfnVectors
                0x080001c4                . = ALIGN (0x4)

.text           0x080001c4     0x165c
                0x080001c4                . = ALIGN (0x4)
 *(.text)
 .text          0x080001c4       0x5c /home/n0ragam1/Ac6/SystemWorkbench/plugins/fr.ac6.mcu.externaltools.arm-none.linux32_1.13.1.201703061523/tools/compiler/bin/../lib/gcc/arm-none-eabi/5.4.1/armv7e-m/fpu/crtbegin.o
 .text          0x08000220       0x30 /home/n0ragam1/Ac6/SystemWorkbench/plugins/fr.ac6.mcu.externaltools.arm-none.linux32_1.13.1.201703061523/tools/compiler/bin/../lib/gcc/arm-none-eabi/5.4.1/armv7e-m/fpu/libgcc.a(_aeabi_uldivmod.o)
                0x08000220                __aeabi_uldivmod
 .text          0x08000250      0x2e4 /home/n0ragam1/Ac6/SystemWorkbench/plugins/fr.ac6.mcu.externaltools.arm-none.linux32_1.13.1.201703061523/tools/compiler/bin/../lib/gcc/arm-none-eabi/5.4.1/armv7e-m/fpu/libgcc.a(_udivmoddi4.o)
                0x08000250                __udivmoddi4
 .text          0x08000534        0x4 /home/n0ragam1/Ac6/SystemWorkbench/plugins/fr.ac6.mcu.externaltools.arm-none.linux32_1.13.1.201703061523/tools/compiler/bin/../lib/gcc/arm-none-eabi/5.4.1/armv7e-m/fpu/libgcc.a(_dvmd_tls.o)
                0x08000534                __aeabi_ldiv0
                0x08000534                __aeabi_idiv0
 *(.text*)
 .text.HAL_InitTick
                0x08000538       0x48 Drivers/STM32F4xx_HAL_Driver/Src/stm32f4xx_hal.o
                0x08000538                HAL_InitTick
 .text.HAL_Init
                0x08000580       0x34 Drivers/STM32F4xx_HAL_Driver/Src/stm32f4xx_hal.o
                0x08000580                HAL_Init
 .text.HAL_IncTick
                0x080005b4       0x18 Drivers/STM32F4xx_HAL_Driver/Src/stm32f4xx_hal.o
                0x080005b4                HAL_IncTick
 .text.HAL_GetTick
                0x080005cc        0xc Drivers/STM32F4xx_HAL_Driver/Src/stm32f4xx_hal.o
                0x080005cc                HAL_GetTick
 .text.HAL_Delay
                0x080005d8       0x28 Drivers/STM32F4xx_HAL_Driver/Src/stm32f4xx_hal.o
                0x080005d8                HAL_Delay
 .text.HAL_NVIC_SetPriorityGrouping
                0x08000600       0x24 Drivers/STM32F4xx_HAL_Driver/Src/stm32f4xx_hal_cortex.o
                0x08000600                HAL_NVIC_SetPriorityGrouping
 .text.HAL_NVIC_SetPriority
                0x08000624       0x64 Drivers/STM32F4xx_HAL_Driver/Src/stm32f4xx_hal_cortex.o
                0x08000624                HAL_NVIC_SetPriority
 .text.HAL_SYSTICK_Config
                0x08000688       0x2c Drivers/STM32F4xx_HAL_Driver/Src/stm32f4xx_hal_cortex.o
                0x08000688                HAL_SYSTICK_Config
 .text.HAL_SYSTICK_CLKSourceConfig
                0x080006b4       0x20 Drivers/STM32F4xx_HAL_Driver/Src/stm32f4xx_hal_cortex.o
                0x080006b4                HAL_SYSTICK_CLKSourceConfig
 .text.HAL_SYSTICK_Callback
                0x080006d4        0x4 Drivers/STM32F4xx_HAL_Driver/Src/stm32f4xx_hal_cortex.o
                0x080006d4                HAL_SYSTICK_Callback
 .text.HAL_SYSTICK_IRQHandler
                0x080006d8        0x8 Drivers/STM32F4xx_HAL_Driver/Src/stm32f4xx_hal_cortex.o
                0x080006d8                HAL_SYSTICK_IRQHandler
 .text.HAL_GPIO_Init
                0x080006e0      0x1b4 Drivers/STM32F4xx_HAL_Driver/Src/stm32f4xx_hal_gpio.o
                0x080006e0                HAL_GPIO_Init
 .text.HAL_GPIO_ReadPin
                0x08000894       0x10 Drivers/STM32F4xx_HAL_Driver/Src/stm32f4xx_hal_gpio.o
                0x08000894                HAL_GPIO_ReadPin
 .text.HAL_GPIO_WritePin
                0x080008a4        0xc Drivers/STM32F4xx_HAL_Driver/Src/stm32f4xx_hal_gpio.o
                0x080008a4                HAL_GPIO_WritePin
 .text.HAL_GPIO_TogglePin
                0x080008b0        0x8 Drivers/STM32F4xx_HAL_Driver/Src/stm32f4xx_hal_gpio.o
                0x080008b0                HAL_GPIO_TogglePin
 .text.HAL_PWREx_EnableOverDrive
                0x080008b8       0x84 Drivers/STM32F4xx_HAL_Driver/Src/stm32f4xx_hal_pwr_ex.o
                0x080008b8                HAL_PWREx_EnableOverDrive
 .text.HAL_RCC_ClockConfig
                0x0800093c      0x160 Drivers/STM32F4xx_HAL_Driver/Src/stm32f4xx_hal_rcc.o
                0x0800093c                HAL_RCC_ClockConfig
 .text.HAL_RCC_GetHCLKFreq
                0x08000a9c        0xc Drivers/STM32F4xx_HAL_Driver/Src/stm32f4xx_hal_rcc.o
                0x08000a9c                HAL_RCC_GetHCLKFreq
 .text.HAL_RCC_GetPCLK1Freq
                0x08000aa8       0x20 Drivers/STM32F4xx_HAL_Driver/Src/stm32f4xx_hal_rcc.o
                0x08000aa8                HAL_RCC_GetPCLK1Freq
 .text.HAL_RCC_GetPCLK2Freq
                0x08000ac8       0x20 Drivers/STM32F4xx_HAL_Driver/Src/stm32f4xx_hal_rcc.o
                0x08000ac8                HAL_RCC_GetPCLK2Freq
 .text.HAL_RCC_GetSysClockFreq
                0x08000ae8      0x170 Drivers/STM32F4xx_HAL_Driver/Src/stm32f4xx_hal_rcc_ex.o
                0x08000ae8                HAL_RCC_GetSysClockFreq
 .text.HAL_RCC_OscConfig
                0x08000c58      0x3e8 Drivers/STM32F4xx_HAL_Driver/Src/stm32f4xx_hal_rcc_ex.o
                0x08000c58                HAL_RCC_OscConfig
 .text.UART_SetConfig
                0x08001040      0x32c Drivers/STM32F4xx_HAL_Driver/Src/stm32f4xx_hal_uart.o
 .text.HAL_UART_Init
                0x0800136c       0x64 Drivers/STM32F4xx_HAL_Driver/Src/stm32f4xx_hal_uart.o
                0x0800136c                HAL_UART_Init
 .text.MX_GPIO_Init
                0x080013d0       0xd4 Src/gpio.o
                0x080013d0                MX_GPIO_Init
 .text._Error_Handler
                0x080014a4        0x4 Src/main.o
                0x080014a4                _Error_Handler
 .text.SystemClock_Config
                0x080014a8       0xd0 Src/main.o
                0x080014a8                SystemClock_Config
 .text.main     0x08001578       0xa8 Src/main.o
                0x08001578                main
 .text.HAL_MspInit
                0x08001620       0x60 Src/stm32f4xx_hal_msp.o
                0x08001620                HAL_MspInit
 .text.SysTick_Handler
                0x08001680        0xc Src/stm32f4xx_it.o
                0x08001680                SysTick_Handler
 .text.SystemInit
                0x0800168c       0x4c Src/system_stm32f4xx.o
                0x0800168c                SystemInit
 .text.MX_USART2_UART_Init
                0x080016d8       0x3c Src/usart.o
                0x080016d8                MX_USART2_UART_Init
 .text.HAL_UART_MspInit
                0x08001714       0x54 Src/usart.o
                0x08001714                HAL_UART_MspInit
 .text.Reset_Handler
                0x08001768       0x50 startup/startup_stm32f446xx.o
                0x08001768                Reset_Handler
 .text.Default_Handler
                0x080017b8        0x2 startup/startup_stm32f446xx.o
                0x080017b8                RTC_Alarm_IRQHandler
                0x080017b8                EXTI2_IRQHandler
                0x080017b8                TIM8_CC_IRQHandler
                0x080017b8                DebugMon_Handler
                0x080017b8                SPI4_IRQHandler
                0x080017b8                TIM1_CC_IRQHandler
                0x080017b8                DMA2_Stream5_IRQHandler
                0x080017b8                HardFault_Handler
                0x080017b8                DMA1_Stream5_IRQHandler
                0x080017b8                PVD_IRQHandler
                0x080017b8                SDIO_IRQHandler
                0x080017b8                TAMP_STAMP_IRQHandler
                0x080017b8                PendSV_Handler
                0x080017b8                NMI_Handler
                0x080017b8                CAN2_RX1_IRQHandler
                0x080017b8                EXTI3_IRQHandler
                0x080017b8                TIM8_TRG_COM_TIM14_IRQHandler
                0x080017b8                TIM1_UP_TIM10_IRQHandler
                0x080017b8                TIM8_UP_TIM13_IRQHandler
                0x080017b8                I2C3_ER_IRQHandler
                0x080017b8                FMPI2C1_Event_IRQHandler
                0x080017b8                EXTI0_IRQHandler
                0x080017b8                I2C2_EV_IRQHandler
                0x080017b8                DMA1_Stream2_IRQHandler
                0x080017b8                CAN1_RX0_IRQHandler
                0x080017b8                FPU_IRQHandler
                0x080017b8                OTG_HS_WKUP_IRQHandler
                0x080017b8                UsageFault_Handler
                0x080017b8                CAN2_SCE_IRQHandler
                0x080017b8                DMA2_Stream2_IRQHandler
                0x080017b8                SPI1_IRQHandler
                0x080017b8                TIM6_DAC_IRQHandler
                0x080017b8                TIM1_BRK_TIM9_IRQHandler
                0x080017b8                DCMI_IRQHandler
                0x080017b8                CAN2_RX0_IRQHandler
                0x080017b8                DMA2_Stream3_IRQHandler
                0x080017b8                SAI2_IRQHandler
                0x080017b8                USART6_IRQHandler
                0x080017b8                USART3_IRQHandler
                0x080017b8                CAN1_RX1_IRQHandler
                0x080017b8                UART5_IRQHandler
                0x080017b8                DMA2_Stream0_IRQHandler
                0x080017b8                TIM4_IRQHandler
                0x080017b8                QUADSPI_IRQHandler
                0x080017b8                I2C1_EV_IRQHandler
                0x080017b8                DMA1_Stream6_IRQHandler
                0x080017b8                DMA1_Stream1_IRQHandler
                0x080017b8                UART4_IRQHandler
                0x080017b8                TIM3_IRQHandler
                0x080017b8                RCC_IRQHandler
                0x080017b8                TIM8_BRK_TIM12_IRQHandler
                0x080017b8                Default_Handler
                0x080017b8                CEC_IRQHandler
                0x080017b8                EXTI15_10_IRQHandler
                0x080017b8                ADC_IRQHandler
                0x080017b8                DMA1_Stream7_IRQHandler
                0x080017b8                TIM7_IRQHandler
                0x080017b8                CAN2_TX_IRQHandler
                0x080017b8                TIM5_IRQHandler
                0x080017b8                DMA2_Stream7_IRQHandler
                0x080017b8                I2C3_EV_IRQHandler
                0x080017b8                EXTI9_5_IRQHandler
                0x080017b8                RTC_WKUP_IRQHandler
                0x080017b8                SPDIF_RX_IRQHandler
                0x080017b8                SPI2_IRQHandler
                0x080017b8                OTG_HS_EP1_IN_IRQHandler
                0x080017b8                MemManage_Handler
                0x080017b8                DMA1_Stream0_IRQHandler
                0x080017b8                CAN1_TX_IRQHandler
                0x080017b8                SVC_Handler
                0x080017b8                EXTI4_IRQHandler
                0x080017b8                OTG_HS_EP1_OUT_IRQHandler
                0x080017b8                WWDG_IRQHandler
                0x080017b8                TIM2_IRQHandler
                0x080017b8                OTG_FS_WKUP_IRQHandler
                0x080017b8                TIM1_TRG_COM_TIM11_IRQHandler
                0x080017b8                OTG_HS_IRQHandler
                0x080017b8                EXTI1_IRQHandler
                0x080017b8                USART2_IRQHandler
                0x080017b8                I2C2_ER_IRQHandler
                0x080017b8                DMA2_Stream1_IRQHandler
                0x080017b8                CAN1_SCE_IRQHandler
                0x080017b8                FLASH_IRQHandler
                0x080017b8                DMA2_Stream4_IRQHandler
                0x080017b8                BusFault_Handler
                0x080017b8                USART1_IRQHandler
                0x080017b8                OTG_FS_IRQHandler
                0x080017b8                SPI3_IRQHandler
                0x080017b8                DMA1_Stream4_IRQHandler
                0x080017b8                I2C1_ER_IRQHandler
                0x080017b8                FMC_IRQHandler
                0x080017b8                DMA2_Stream6_IRQHandler
                0x080017b8                SAI1_IRQHandler
                0x080017b8                DMA1_Stream3_IRQHandler
                0x080017b8                FMPI2C1_Error_IRQHandler
 *fill*         0x080017ba        0x2 
 .text.__libc_init_array
                0x080017bc       0x4c /home/n0ragam1/Ac6/SystemWorkbench/plugins/fr.ac6.mcu.externaltools.arm-none.linux32_1.13.1.201703061523/tools/compiler/bin/../lib/gcc/arm-none-eabi/5.4.1/../../../../arm-none-eabi/lib/armv7e-m/fpu/libc_nano.a(lib_a-init.o)
                0x080017bc                __libc_init_array
 *(.glue_7)
 .glue_7        0x08001808        0x0 linker stubs
 *(.glue_7t)
 .glue_7t       0x08001808        0x0 linker stubs
 *(.eh_frame)
 .eh_frame      0x08001808        0x0 /home/n0ragam1/Ac6/SystemWorkbench/plugins/fr.ac6.mcu.externaltools.arm-none.linux32_1.13.1.201703061523/tools/compiler/bin/../lib/gcc/arm-none-eabi/5.4.1/armv7e-m/fpu/crtbegin.o
 *(.init)
 .init          0x08001808        0x4 /home/n0ragam1/Ac6/SystemWorkbench/plugins/fr.ac6.mcu.externaltools.arm-none.linux32_1.13.1.201703061523/tools/compiler/bin/../lib/gcc/arm-none-eabi/5.4.1/armv7e-m/fpu/crti.o
                0x08001808                _init
 .init          0x0800180c        0x8 /home/n0ragam1/Ac6/SystemWorkbench/plugins/fr.ac6.mcu.externaltools.arm-none.linux32_1.13.1.201703061523/tools/compiler/bin/../lib/gcc/arm-none-eabi/5.4.1/armv7e-m/fpu/crtn.o
 *(.fini)
 .fini          0x08001814        0x4 /home/n0ragam1/Ac6/SystemWorkbench/plugins/fr.ac6.mcu.externaltools.arm-none.linux32_1.13.1.201703061523/tools/compiler/bin/../lib/gcc/arm-none-eabi/5.4.1/armv7e-m/fpu/crti.o
                0x08001814                _fini
 .fini          0x08001818        0x8 /home/n0ragam1/Ac6/SystemWorkbench/plugins/fr.ac6.mcu.externaltools.arm-none.linux32_1.13.1.201703061523/tools/compiler/bin/../lib/gcc/arm-none-eabi/5.4.1/armv7e-m/fpu/crtn.o
                0x08001820                . = ALIGN (0x4)
                0x08001820                _etext = .

.vfp11_veneer   0x08001820        0x0
 .vfp11_veneer  0x08001820        0x0 linker stubs

.v4_bx          0x08001820        0x0
 .v4_bx         0x08001820        0x0 linker stubs

.iplt           0x08001820        0x0
 .iplt          0x08001820        0x0 /home/n0ragam1/Ac6/SystemWorkbench/plugins/fr.ac6.mcu.externaltools.arm-none.linux32_1.13.1.201703061523/tools/compiler/bin/../lib/gcc/arm-none-eabi/5.4.1/armv7e-m/fpu/crtbegin.o

.rodata         0x08001820       0x38
                0x08001820                . = ALIGN (0x4)
 *(.rodata)
 .rodata        0x08001820       0x18 Src/system_stm32f4xx.o
                0x08001820                AHBPrescTable
                0x08001830                APBPrescTable
 *(.rodata*)
 .rodata.str1.4
                0x08001838        0xe Src/main.o
 *fill*         0x08001846        0x2 
 .rodata.str1.4
                0x08001848       0x10 Src/usart.o
                                  0xf (size before relaxing)
                0x08001858                . = ALIGN (0x4)

.ARM.extab
 *(.ARM.extab* .gnu.linkonce.armextab.*)

.ARM            0x08001858        0x8
                0x08001858                __exidx_start = .
 *(.ARM.exidx*)
 .ARM.exidx     0x08001858        0x8 /home/n0ragam1/Ac6/SystemWorkbench/plugins/fr.ac6.mcu.externaltools.arm-none.linux32_1.13.1.201703061523/tools/compiler/bin/../lib/gcc/arm-none-eabi/5.4.1/armv7e-m/fpu/libgcc.a(_udivmoddi4.o)
                0x08001860                __exidx_end = .

.rel.dyn        0x08001860        0x0
 .rel.iplt      0x08001860        0x0 /home/n0ragam1/Ac6/SystemWorkbench/plugins/fr.ac6.mcu.externaltools.arm-none.linux32_1.13.1.201703061523/tools/compiler/bin/../lib/gcc/arm-none-eabi/5.4.1/armv7e-m/fpu/crtbegin.o

.preinit_array  0x08001860        0x0
                0x08001860                PROVIDE (__preinit_array_start, .)
 *(.preinit_array*)
                0x08001860                PROVIDE (__preinit_array_end, .)

.init_array     0x08001860        0x4
                0x08001860                PROVIDE (__init_array_start, .)
 *(SORT(.init_array.*))
 *(.init_array*)
 .init_array    0x08001860        0x4 /home/n0ragam1/Ac6/SystemWorkbench/plugins/fr.ac6.mcu.externaltools.arm-none.linux32_1.13.1.201703061523/tools/compiler/bin/../lib/gcc/arm-none-eabi/5.4.1/armv7e-m/fpu/crtbegin.o
                0x08001864                PROVIDE (__init_array_end, .)

.fini_array     0x08001864        0x4
                [!provide]                PROVIDE (__fini_array_start, .)
 *(SORT(.fini_array.*))
 *(.fini_array*)
 .fini_array    0x08001864        0x4 /home/n0ragam1/Ac6/SystemWorkbench/plugins/fr.ac6.mcu.externaltools.arm-none.linux32_1.13.1.201703061523/tools/compiler/bin/../lib/gcc/arm-none-eabi/5.4.1/armv7e-m/fpu/crtbegin.o
                [!provide]                PROVIDE (__fini_array_end, .)
                0x08001868                _sidata = LOADADDR (.data)

.data           0x20000000        0xc load address 0x08001868
                0x20000000                . = ALIGN (0x4)
                0x20000000                _sdata = .
 *(.data)
 .data          0x20000000        0x8 Drivers/STM32F4xx_HAL_Driver/Src/stm32f4xx_hal.o
                0x20000000                uwTickFreq
                0x20000004                uwTickPrio
 .data          0x20000008        0x4 Src/system_stm32f4xx.o
                0x20000008                SystemCoreClock
 *(.data*)
                0x2000000c                . = ALIGN (0x4)
                0x2000000c                _edata = .

.jcr            0x2000000c        0x0 load address 0x08001874
 .jcr           0x2000000c        0x0 /home/n0ragam1/Ac6/SystemWorkbench/plugins/fr.ac6.mcu.externaltools.arm-none.linux32_1.13.1.201703061523/tools/compiler/bin/../lib/gcc/arm-none-eabi/5.4.1/armv7e-m/fpu/crtbegin.o

.igot.plt       0x2000000c        0x0 load address 0x08001874
 .igot.plt      0x2000000c        0x0 /home/n0ragam1/Ac6/SystemWorkbench/plugins/fr.ac6.mcu.externaltools.arm-none.linux32_1.13.1.201703061523/tools/compiler/bin/../lib/gcc/arm-none-eabi/5.4.1/armv7e-m/fpu/crtbegin.o
                0x2000000c                . = ALIGN (0x4)

.bss            0x2000000c       0x60 load address 0x08001874
                0x2000000c                _sbss = .
                0x2000000c                __bss_start__ = _sbss
 *(.bss)
 .bss           0x2000000c       0x1c /home/n0ragam1/Ac6/SystemWorkbench/plugins/fr.ac6.mcu.externaltools.arm-none.linux32_1.13.1.201703061523/tools/compiler/bin/../lib/gcc/arm-none-eabi/5.4.1/armv7e-m/fpu/crtbegin.o
 *(.bss*)
 *(COMMON)
 COMMON         0x20000028        0x4 Drivers/STM32F4xx_HAL_Driver/Src/stm32f4xx_hal.o
                0x20000028                uwTick
 COMMON         0x2000002c       0x40 Src/usart.o
                0x2000002c                huart2
                0x2000006c                . = ALIGN (0x4)
                0x2000006c                _ebss = .
                0x2000006c                __bss_end__ = _ebss

._user_heap_stack
                0x2000006c      0x604 load address 0x08001874
                0x20000070                . = ALIGN (0x8)
 *fill*         0x2000006c        0x4 
                [!provide]                PROVIDE (end, .)
                [!provide]                PROVIDE (_end, .)
                0x20000270                . = (. + _Min_Heap_Size)
 *fill*         0x20000070      0x200 
                0x20000670                . = (. + _Min_Stack_Size)
 *fill*         0x20000270      0x400 
                0x20000670                . = ALIGN (0x8)

/DISCARD/
 libc.a(*)
 libm.a(*)
 libgcc.a(*)

.ARM.attributes
                0x00000000       0x30
 *(.ARM.attributes)
 .ARM.attributes
                0x00000000       0x22 /home/n0ragam1/Ac6/SystemWorkbench/plugins/fr.ac6.mcu.externaltools.arm-none.linux32_1.13.1.201703061523/tools/compiler/bin/../lib/gcc/arm-none-eabi/5.4.1/armv7e-m/fpu/crti.o
 .ARM.attributes
                0x00000022       0x34 /home/n0ragam1/Ac6/SystemWorkbench/plugins/fr.ac6.mcu.externaltools.arm-none.linux32_1.13.1.201703061523/tools/compiler/bin/../lib/gcc/arm-none-eabi/5.4.1/armv7e-m/fpu/crtbegin.o
 .ARM.attributes
                0x00000056       0x39 Drivers/STM32F4xx_HAL_Driver/Src/stm32f4xx_hal.o
 .ARM.attributes
                0x0000008f       0x39 Drivers/STM32F4xx_HAL_Driver/Src/stm32f4xx_hal_cortex.o
 .ARM.attributes
                0x000000c8       0x39 Drivers/STM32F4xx_HAL_Driver/Src/stm32f4xx_hal_gpio.o
 .ARM.attributes
                0x00000101       0x39 Drivers/STM32F4xx_HAL_Driver/Src/stm32f4xx_hal_pwr_ex.o
 .ARM.attributes
                0x0000013a       0x39 Drivers/STM32F4xx_HAL_Driver/Src/stm32f4xx_hal_rcc.o
 .ARM.attributes
                0x00000173       0x39 Drivers/STM32F4xx_HAL_Driver/Src/stm32f4xx_hal_rcc_ex.o
 .ARM.attributes
                0x000001ac       0x39 Drivers/STM32F4xx_HAL_Driver/Src/stm32f4xx_hal_uart.o
 .ARM.attributes
                0x000001e5       0x39 Src/gpio.o
 .ARM.attributes
                0x0000021e       0x39 Src/main.o
 .ARM.attributes
                0x00000257       0x39 Src/stm32f4xx_hal_msp.o
 .ARM.attributes
                0x00000290       0x39 Src/stm32f4xx_it.o
 .ARM.attributes
                0x000002c9       0x39 Src/system_stm32f4xx.o
 .ARM.attributes
                0x00000302       0x39 Src/usart.o
 .ARM.attributes
                0x0000033b       0x21 startup/startup_stm32f446xx.o
 .ARM.attributes
                0x0000035c       0x22 /home/n0ragam1/Ac6/SystemWorkbench/plugins/fr.ac6.mcu.externaltools.arm-none.linux32_1.13.1.201703061523/tools/compiler/bin/../lib/gcc/arm-none-eabi/5.4.1/armv7e-m/fpu/libgcc.a(_aeabi_uldivmod.o)
 .ARM.attributes
                0x0000037e       0x34 /home/n0ragam1/Ac6/SystemWorkbench/plugins/fr.ac6.mcu.externaltools.arm-none.linux32_1.13.1.201703061523/tools/compiler/bin/../lib/gcc/arm-none-eabi/5.4.1/armv7e-m/fpu/libgcc.a(_udivmoddi4.o)
 .ARM.attributes
                0x000003b2       0x22 /home/n0ragam1/Ac6/SystemWorkbench/plugins/fr.ac6.mcu.externaltools.arm-none.linux32_1.13.1.201703061523/tools/compiler/bin/../lib/gcc/arm-none-eabi/5.4.1/armv7e-m/fpu/libgcc.a(_dvmd_tls.o)
 .ARM.attributes
                0x000003d4       0x34 /home/n0ragam1/Ac6/SystemWorkbench/plugins/fr.ac6.mcu.externaltools.arm-none.linux32_1.13.1.201703061523/tools/compiler/bin/../lib/gcc/arm-none-eabi/5.4.1/../../../../arm-none-eabi/lib/armv7e-m/fpu/libc_nano.a(lib_a-init.o)
 .ARM.attributes
                0x00000408       0x22 /home/n0ragam1/Ac6/SystemWorkbench/plugins/fr.ac6.mcu.externaltools.arm-none.linux32_1.13.1.201703061523/tools/compiler/bin/../lib/gcc/arm-none-eabi/5.4.1/armv7e-m/fpu/crtn.o
OUTPUT(G8-HW2.elf elf32-littlearm)

.debug_info     0x00000000     0x7957
 .debug_info    0x00000000      0x9b8 Drivers/STM32F4xx_HAL_Driver/Src/stm32f4xx_hal.o
 .debug_info    0x000009b8      0xf2b Drivers/STM32F4xx_HAL_Driver/Src/stm32f4xx_hal_cortex.o
 .debug_info    0x000018e3      0x778 Drivers/STM32F4xx_HAL_Driver/Src/stm32f4xx_hal_gpio.o
 .debug_info    0x0000205b      0x7c4 Drivers/STM32F4xx_HAL_Driver/Src/stm32f4xx_hal_pwr_ex.o
 .debug_info    0x0000281f      0xa84 Drivers/STM32F4xx_HAL_Driver/Src/stm32f4xx_hal_rcc.o
 .debug_info    0x000032a3      0xbb2 Drivers/STM32F4xx_HAL_Driver/Src/stm32f4xx_hal_rcc_ex.o
 .debug_info    0x00003e55     0x16b4 Drivers/STM32F4xx_HAL_Driver/Src/stm32f4xx_hal_uart.o
 .debug_info    0x00005509      0x514 Src/gpio.o
 .debug_info    0x00005a1d      0xb5c Src/main.o
 .debug_info    0x00006579      0x3fc Src/stm32f4xx_hal_msp.o
 .debug_info    0x00006975       0xeb Src/stm32f4xx_it.o
 .debug_info    0x00006a60      0x534 Src/system_stm32f4xx.o
 .debug_info    0x00006f94      0x958 Src/usart.o
 .debug_info    0x000078ec       0x6b startup/startup_stm32f446xx.o

.debug_abbrev   0x00000000     0x16ce
 .debug_abbrev  0x00000000      0x1f8 Drivers/STM32F4xx_HAL_Driver/Src/stm32f4xx_hal.o
 .debug_abbrev  0x000001f8      0x2fe Drivers/STM32F4xx_HAL_Driver/Src/stm32f4xx_hal_cortex.o
 .debug_abbrev  0x000004f6      0x1cd Drivers/STM32F4xx_HAL_Driver/Src/stm32f4xx_hal_gpio.o
 .debug_abbrev  0x000006c3      0x1be Drivers/STM32F4xx_HAL_Driver/Src/stm32f4xx_hal_pwr_ex.o
 .debug_abbrev  0x00000881      0x271 Drivers/STM32F4xx_HAL_Driver/Src/stm32f4xx_hal_rcc.o
 .debug_abbrev  0x00000af2      0x220 Drivers/STM32F4xx_HAL_Driver/Src/stm32f4xx_hal_rcc_ex.o
 .debug_abbrev  0x00000d12      0x26f Drivers/STM32F4xx_HAL_Driver/Src/stm32f4xx_hal_uart.o
 .debug_abbrev  0x00000f81      0x148 Src/gpio.o
 .debug_abbrev  0x000010c9      0x1ec Src/main.o
 .debug_abbrev  0x000012b5       0xc2 Src/stm32f4xx_hal_msp.o
 .debug_abbrev  0x00001377       0x99 Src/stm32f4xx_it.o
 .debug_abbrev  0x00001410      0x104 Src/system_stm32f4xx.o
 .debug_abbrev  0x00001514      0x1a8 Src/usart.o
 .debug_abbrev  0x000016bc       0x12 startup/startup_stm32f446xx.o

.debug_loc      0x00000000     0x315d
 .debug_loc     0x00000000      0x108 Drivers/STM32F4xx_HAL_Driver/Src/stm32f4xx_hal.o
 .debug_loc     0x00000108      0x548 Drivers/STM32F4xx_HAL_Driver/Src/stm32f4xx_hal_cortex.o
 .debug_loc     0x00000650      0x38f Drivers/STM32F4xx_HAL_Driver/Src/stm32f4xx_hal_gpio.o
 .debug_loc     0x000009df      0x1e7 Drivers/STM32F4xx_HAL_Driver/Src/stm32f4xx_hal_pwr_ex.o
 .debug_loc     0x00000bc6      0x481 Drivers/STM32F4xx_HAL_Driver/Src/stm32f4xx_hal_rcc.o
 .debug_loc     0x00001047      0xbec Drivers/STM32F4xx_HAL_Driver/Src/stm32f4xx_hal_rcc_ex.o
 .debug_loc     0x00001c33     0x137a Drivers/STM32F4xx_HAL_Driver/Src/stm32f4xx_hal_uart.o
 .debug_loc     0x00002fad       0x31 Src/main.o
 .debug_loc     0x00002fde      0x132 Src/system_stm32f4xx.o
 .debug_loc     0x00003110       0x4d Src/usart.o

.debug_aranges  0x00000000      0x620
 .debug_aranges
                0x00000000       0xe0 Drivers/STM32F4xx_HAL_Driver/Src/stm32f4xx_hal.o
 .debug_aranges
                0x000000e0       0xa8 Drivers/STM32F4xx_HAL_Driver/Src/stm32f4xx_hal_cortex.o
 .debug_aranges
                0x00000188       0x58 Drivers/STM32F4xx_HAL_Driver/Src/stm32f4xx_hal_gpio.o
 .debug_aranges
                0x000001e0       0x60 Drivers/STM32F4xx_HAL_Driver/Src/stm32f4xx_hal_pwr_ex.o
 .debug_aranges
                0x00000240       0x88 Drivers/STM32F4xx_HAL_Driver/Src/stm32f4xx_hal_rcc.o
 .debug_aranges
                0x000002c8       0x78 Drivers/STM32F4xx_HAL_Driver/Src/stm32f4xx_hal_rcc_ex.o
 .debug_aranges
                0x00000340      0x1d0 Drivers/STM32F4xx_HAL_Driver/Src/stm32f4xx_hal_uart.o
 .debug_aranges
                0x00000510       0x20 Src/gpio.o
 .debug_aranges
                0x00000530       0x30 Src/main.o
 .debug_aranges
                0x00000560       0x20 Src/stm32f4xx_hal_msp.o
 .debug_aranges
                0x00000580       0x20 Src/stm32f4xx_it.o
 .debug_aranges
                0x000005a0       0x28 Src/system_stm32f4xx.o
 .debug_aranges
                0x000005c8       0x30 Src/usart.o
 .debug_aranges
                0x000005f8       0x28 startup/startup_stm32f446xx.o

.debug_ranges   0x00000000      0x578
 .debug_ranges  0x00000000       0xd0 Drivers/STM32F4xx_HAL_Driver/Src/stm32f4xx_hal.o
 .debug_ranges  0x000000d0       0x98 Drivers/STM32F4xx_HAL_Driver/Src/stm32f4xx_hal_cortex.o
 .debug_ranges  0x00000168       0x48 Drivers/STM32F4xx_HAL_Driver/Src/stm32f4xx_hal_gpio.o
 .debug_ranges  0x000001b0       0x50 Drivers/STM32F4xx_HAL_Driver/Src/stm32f4xx_hal_pwr_ex.o
 .debug_ranges  0x00000200       0x90 Drivers/STM32F4xx_HAL_Driver/Src/stm32f4xx_hal_rcc.o
 .debug_ranges  0x00000290       0x80 Drivers/STM32F4xx_HAL_Driver/Src/stm32f4xx_hal_rcc_ex.o
 .debug_ranges  0x00000310      0x1c0 Drivers/STM32F4xx_HAL_Driver/Src/stm32f4xx_hal_uart.o
 .debug_ranges  0x000004d0       0x10 Src/gpio.o
 .debug_ranges  0x000004e0       0x20 Src/main.o
 .debug_ranges  0x00000500       0x10 Src/stm32f4xx_hal_msp.o
 .debug_ranges  0x00000510       0x10 Src/stm32f4xx_it.o
 .debug_ranges  0x00000520       0x18 Src/system_stm32f4xx.o
 .debug_ranges  0x00000538       0x20 Src/usart.o
 .debug_ranges  0x00000558       0x20 startup/startup_stm32f446xx.o

.debug_macro    0x00000000    0x215e6
 .debug_macro   0x00000000      0x355 Drivers/STM32F4xx_HAL_Driver/Src/stm32f4xx_hal.o
 .debug_macro   0x00000355      0x898 Drivers/STM32F4xx_HAL_Driver/Src/stm32f4xx_hal.o
 .debug_macro   0x00000bed       0x64 Drivers/STM32F4xx_HAL_Driver/Src/stm32f4xx_hal.o
 .debug_macro   0x00000c51      0x17a Drivers/STM32F4xx_HAL_Driver/Src/stm32f4xx_hal.o
 .debug_macro   0x00000dcb       0x32 Drivers/STM32F4xx_HAL_Driver/Src/stm32f4xx_hal.o
 .debug_macro   0x00000dfd       0x28 Drivers/STM32F4xx_HAL_Driver/Src/stm32f4xx_hal.o
 .debug_macro   0x00000e25       0x22 Drivers/STM32F4xx_HAL_Driver/Src/stm32f4xx_hal.o
 .debug_macro   0x00000e47       0x87 Drivers/STM32F4xx_HAL_Driver/Src/stm32f4xx_hal.o
 .debug_macro   0x00000ece       0x44 Drivers/STM32F4xx_HAL_Driver/Src/stm32f4xx_hal.o
 .debug_macro   0x00000f12       0xfd Drivers/STM32F4xx_HAL_Driver/Src/stm32f4xx_hal.o
 .debug_macro   0x0000100f       0x5e Drivers/STM32F4xx_HAL_Driver/Src/stm32f4xx_hal.o
 .debug_macro   0x0000106d      0x1df Drivers/STM32F4xx_HAL_Driver/Src/stm32f4xx_hal.o
 .debug_macro   0x0000124c       0x35 Drivers/STM32F4xx_HAL_Driver/Src/stm32f4xx_hal.o
 .debug_macro   0x00001281       0x50 Drivers/STM32F4xx_HAL_Driver/Src/stm32f4xx_hal.o
 .debug_macro   0x000012d1      0xe66 Drivers/STM32F4xx_HAL_Driver/Src/stm32f4xx_hal.o
 .debug_macro   0x00002137    0x16607 Drivers/STM32F4xx_HAL_Driver/Src/stm32f4xx_hal.o
 .debug_macro   0x0001873e       0x43 Drivers/STM32F4xx_HAL_Driver/Src/stm32f4xx_hal.o
 .debug_macro   0x00018781     0x3535 Drivers/STM32F4xx_HAL_Driver/Src/stm32f4xx_hal.o
 .debug_macro   0x0001bcb6       0x52 Drivers/STM32F4xx_HAL_Driver/Src/stm32f4xx_hal.o
 .debug_macro   0x0001bd08       0x35 Drivers/STM32F4xx_HAL_Driver/Src/stm32f4xx_hal.o
 .debug_macro   0x0001bd3d       0x9c Drivers/STM32F4xx_HAL_Driver/Src/stm32f4xx_hal.o
 .debug_macro   0x0001bdd9       0x16 Drivers/STM32F4xx_HAL_Driver/Src/stm32f4xx_hal.o
 .debug_macro   0x0001bdef       0x97 Drivers/STM32F4xx_HAL_Driver/Src/stm32f4xx_hal.o
 .debug_macro   0x0001be86      0x30d Drivers/STM32F4xx_HAL_Driver/Src/stm32f4xx_hal.o
 .debug_macro   0x0001c193       0xfd Drivers/STM32F4xx_HAL_Driver/Src/stm32f4xx_hal.o
 .debug_macro   0x0001c290       0x10 Drivers/STM32F4xx_HAL_Driver/Src/stm32f4xx_hal.o
 .debug_macro   0x0001c2a0       0x52 Drivers/STM32F4xx_HAL_Driver/Src/stm32f4xx_hal.o
 .debug_macro   0x0001c2f2       0x1f Drivers/STM32F4xx_HAL_Driver/Src/stm32f4xx_hal.o
 .debug_macro   0x0001c311       0x43 Drivers/STM32F4xx_HAL_Driver/Src/stm32f4xx_hal.o
 .debug_macro   0x0001c354       0x20 Drivers/STM32F4xx_HAL_Driver/Src/stm32f4xx_hal.o
 .debug_macro   0x0001c374      0x187 Drivers/STM32F4xx_HAL_Driver/Src/stm32f4xx_hal.o
 .debug_macro   0x0001c4fb       0x10 Drivers/STM32F4xx_HAL_Driver/Src/stm32f4xx_hal.o
 .debug_macro   0x0001c50b       0x1c Drivers/STM32F4xx_HAL_Driver/Src/stm32f4xx_hal.o
 .debug_macro   0x0001c527       0x52 Drivers/STM32F4xx_HAL_Driver/Src/stm32f4xx_hal.o
 .debug_macro   0x0001c579       0x40 Drivers/STM32F4xx_HAL_Driver/Src/stm32f4xx_hal.o
 .debug_macro   0x0001c5b9       0x10 Drivers/STM32F4xx_HAL_Driver/Src/stm32f4xx_hal.o
 .debug_macro   0x0001c5c9       0x40 Drivers/STM32F4xx_HAL_Driver/Src/stm32f4xx_hal.o
 .debug_macro   0x0001c609       0xd7 Drivers/STM32F4xx_HAL_Driver/Src/stm32f4xx_hal.o
 .debug_macro   0x0001c6e0       0x16 Drivers/STM32F4xx_HAL_Driver/Src/stm32f4xx_hal.o
 .debug_macro   0x0001c6f6      0x18b Drivers/STM32F4xx_HAL_Driver/Src/stm32f4xx_hal.o
 .debug_macro   0x0001c881       0x50 Drivers/STM32F4xx_HAL_Driver/Src/stm32f4xx_hal.o
 .debug_macro   0x0001c8d1      0xc90 Drivers/STM32F4xx_HAL_Driver/Src/stm32f4xx_hal.o
 .debug_macro   0x0001d561      0xa02 Drivers/STM32F4xx_HAL_Driver/Src/stm32f4xx_hal.o
 .debug_macro   0x0001df63      0x11e Drivers/STM32F4xx_HAL_Driver/Src/stm32f4xx_hal.o
 .debug_macro   0x0001e081      0x1a0 Drivers/STM32F4xx_HAL_Driver/Src/stm32f4xx_hal.o
 .debug_macro   0x0001e221       0x27 Drivers/STM32F4xx_HAL_Driver/Src/stm32f4xx_hal.o
 .debug_macro   0x0001e248      0x287 Drivers/STM32F4xx_HAL_Driver/Src/stm32f4xx_hal.o
 .debug_macro   0x0001e4cf       0x5f Drivers/STM32F4xx_HAL_Driver/Src/stm32f4xx_hal.o
 .debug_macro   0x0001e52e      0x23a Drivers/STM32F4xx_HAL_Driver/Src/stm32f4xx_hal.o
 .debug_macro   0x0001e768      0x13a Drivers/STM32F4xx_HAL_Driver/Src/stm32f4xx_hal.o
 .debug_macro   0x0001e8a2      0x29c Drivers/STM32F4xx_HAL_Driver/Src/stm32f4xx_hal.o
 .debug_macro   0x0001eb3e       0x2e Drivers/STM32F4xx_HAL_Driver/Src/stm32f4xx_hal.o
 .debug_macro   0x0001eb6c      0x11e Drivers/STM32F4xx_HAL_Driver/Src/stm32f4xx_hal.o
 .debug_macro   0x0001ec8a       0xe8 Drivers/STM32F4xx_HAL_Driver/Src/stm32f4xx_hal.o
 .debug_macro   0x0001ed72       0x89 Drivers/STM32F4xx_HAL_Driver/Src/stm32f4xx_hal.o
 .debug_macro   0x0001edfb      0x287 Drivers/STM32F4xx_HAL_Driver/Src/stm32f4xx_hal.o
 .debug_macro   0x0001f082      0x12d Drivers/STM32F4xx_HAL_Driver/Src/stm32f4xx_hal.o
 .debug_macro   0x0001f1af      0x2f5 Drivers/STM32F4xx_HAL_Driver/Src/stm32f4xx_hal_cortex.o
 .debug_macro   0x0001f4a4      0x32d Drivers/STM32F4xx_HAL_Driver/Src/stm32f4xx_hal_gpio.o
 .debug_macro   0x0001f7d1      0x30d Drivers/STM32F4xx_HAL_Driver/Src/stm32f4xx_hal_pwr_ex.o
 .debug_macro   0x0001fade      0x319 Drivers/STM32F4xx_HAL_Driver/Src/stm32f4xx_hal_rcc.o
 .debug_macro   0x0001fdf7      0x2f5 Drivers/STM32F4xx_HAL_Driver/Src/stm32f4xx_hal_rcc_ex.o
 .debug_macro   0x000200ec      0x2f6 Drivers/STM32F4xx_HAL_Driver/Src/stm32f4xx_hal_uart.o
 .debug_macro   0x000203e2      0x2ff Src/gpio.o
 .debug_macro   0x000206e1      0x30d Src/main.o
 .debug_macro   0x000209ee      0x2f5 Src/stm32f4xx_hal_msp.o
 .debug_macro   0x00020ce3      0x2ff Src/stm32f4xx_it.o
 .debug_macro   0x00020fe2      0x2fb Src/system_stm32f4xx.o
 .debug_macro   0x000212dd      0x309 Src/usart.o

.debug_line     0x00000000     0x7826
 .debug_line    0x00000000      0x954 Drivers/STM32F4xx_HAL_Driver/Src/stm32f4xx_hal.o
 .debug_line    0x00000954      0x980 Drivers/STM32F4xx_HAL_Driver/Src/stm32f4xx_hal_cortex.o
 .debug_line    0x000012d4      0x8ee Drivers/STM32F4xx_HAL_Driver/Src/stm32f4xx_hal_gpio.o
 .debug_line    0x00001bc2      0x88e Drivers/STM32F4xx_HAL_Driver/Src/stm32f4xx_hal_pwr_ex.o
 .debug_line    0x00002450      0xa01 Drivers/STM32F4xx_HAL_Driver/Src/stm32f4xx_hal_rcc.o
 .debug_line    0x00002e51      0xb9e Drivers/STM32F4xx_HAL_Driver/Src/stm32f4xx_hal_rcc_ex.o
 .debug_line    0x000039ef     0x101d Drivers/STM32F4xx_HAL_Driver/Src/stm32f4xx_hal_uart.o
 .debug_line    0x00004a0c      0x787 Src/gpio.o
 .debug_line    0x00005193      0x7cc Src/main.o
 .debug_line    0x0000595f      0x779 Src/stm32f4xx_hal_msp.o
 .debug_line    0x000060d8      0x780 Src/stm32f4xx_it.o
 .debug_line    0x00006858      0x79c Src/system_stm32f4xx.o
 .debug_line    0x00006ff4      0x7b3 Src/usart.o
 .debug_line    0x000077a7       0x7f startup/startup_stm32f446xx.o

.debug_str      0x00000000    0xc1905
 .debug_str     0x00000000    0xbffe5 Drivers/STM32F4xx_HAL_Driver/Src/stm32f4xx_hal.o
                              0xc0394 (size before relaxing)
 .debug_str     0x000bffe5      0x3b8 Drivers/STM32F4xx_HAL_Driver/Src/stm32f4xx_hal_cortex.o
                              0xc00b3 (size before relaxing)
 .debug_str     0x000c039d      0x292 Drivers/STM32F4xx_HAL_Driver/Src/stm32f4xx_hal_gpio.o
                              0xbfa2a (size before relaxing)
 .debug_str     0x000c062f      0x14d Drivers/STM32F4xx_HAL_Driver/Src/stm32f4xx_hal_pwr_ex.o
                              0xbf9e6 (size before relaxing)
 .debug_str     0x000c077c      0x399 Drivers/STM32F4xx_HAL_Driver/Src/stm32f4xx_hal_rcc.o
                              0xbfc25 (size before relaxing)
 .debug_str     0x000c0b15      0x31c Drivers/STM32F4xx_HAL_Driver/Src/stm32f4xx_hal_rcc_ex.o
                              0xbfc58 (size before relaxing)
 .debug_str     0x000c0e31      0x933 Drivers/STM32F4xx_HAL_Driver/Src/stm32f4xx_hal_uart.o
                              0xc004a (size before relaxing)
 .debug_str     0x000c1764       0x25 Src/gpio.o
                              0xbf7fe (size before relaxing)
 .debug_str     0x000c1789       0xae Src/main.o
                              0xbffbd (size before relaxing)
 .debug_str     0x000c1837       0x1b Src/stm32f4xx_hal_msp.o
                              0xbfb68 (size before relaxing)
 .debug_str     0x000c1852       0x38 Src/stm32f4xx_it.o
                              0xbf63b (size before relaxing)
 .debug_str     0x000c188a       0x5a Src/system_stm32f4xx.o
                              0xbf812 (size before relaxing)
 .debug_str     0x000c18e4       0x21 Src/usart.o
                              0xbfc60 (size before relaxing)

.comment        0x00000000       0x6e
 .comment       0x00000000       0x6e Drivers/STM32F4xx_HAL_Driver/Src/stm32f4xx_hal.o
                                 0x6f (size before relaxing)
 .comment       0x0000006e       0x6f Drivers/STM32F4xx_HAL_Driver/Src/stm32f4xx_hal_cortex.o
 .comment       0x0000006e       0x6f Drivers/STM32F4xx_HAL_Driver/Src/stm32f4xx_hal_gpio.o
 .comment       0x0000006e       0x6f Drivers/STM32F4xx_HAL_Driver/Src/stm32f4xx_hal_pwr_ex.o
 .comment       0x0000006e       0x6f Drivers/STM32F4xx_HAL_Driver/Src/stm32f4xx_hal_rcc.o
 .comment       0x0000006e       0x6f Drivers/STM32F4xx_HAL_Driver/Src/stm32f4xx_hal_rcc_ex.o
 .comment       0x0000006e       0x6f Drivers/STM32F4xx_HAL_Driver/Src/stm32f4xx_hal_uart.o
 .comment       0x0000006e       0x6f Src/gpio.o
 .comment       0x0000006e       0x6f Src/main.o
 .comment       0x0000006e       0x6f Src/stm32f4xx_hal_msp.o
 .comment       0x0000006e       0x6f Src/stm32f4xx_it.o
 .comment       0x0000006e       0x6f Src/system_stm32f4xx.o
 .comment       0x0000006e       0x6f Src/usart.o

.debug_frame    0x00000000      0xe58
 .debug_frame   0x00000000      0x1cc Drivers/STM32F4xx_HAL_Driver/Src/stm32f4xx_hal.o
 .debug_frame   0x000001cc      0x154 Drivers/STM32F4xx_HAL_Driver/Src/stm32f4xx_hal_cortex.o
 .debug_frame   0x00000320       0xc4 Drivers/STM32F4xx_HAL_Driver/Src/stm32f4xx_hal_gpio.o
 .debug_frame   0x000003e4       0xe8 Drivers/STM32F4xx_HAL_Driver/Src/stm32f4xx_hal_pwr_ex.o
 .debug_frame   0x000004cc      0x170 Drivers/STM32F4xx_HAL_Driver/Src/stm32f4xx_hal_rcc.o
 .debug_frame   0x0000063c      0x13c Drivers/STM32F4xx_HAL_Driver/Src/stm32f4xx_hal_rcc_ex.o
 .debug_frame   0x00000778      0x4e8 Drivers/STM32F4xx_HAL_Driver/Src/stm32f4xx_hal_uart.o
 .debug_frame   0x00000c60       0x34 Src/gpio.o
 .debug_frame   0x00000c94       0x58 Src/main.o
 .debug_frame   0x00000cec       0x28 Src/stm32f4xx_hal_msp.o
 .debug_frame   0x00000d14       0x28 Src/stm32f4xx_it.o
 .debug_frame   0x00000d3c       0x30 Src/system_stm32f4xx.o
 .debug_frame   0x00000d6c       0x60 Src/usart.o
 .debug_frame   0x00000dcc       0x2c /home/n0ragam1/Ac6/SystemWorkbench/plugins/fr.ac6.mcu.externaltools.arm-none.linux32_1.13.1.201703061523/tools/compiler/bin/../lib/gcc/arm-none-eabi/5.4.1/armv7e-m/fpu/libgcc.a(_aeabi_uldivmod.o)
 .debug_frame   0x00000df8       0x34 /home/n0ragam1/Ac6/SystemWorkbench/plugins/fr.ac6.mcu.externaltools.arm-none.linux32_1.13.1.201703061523/tools/compiler/bin/../lib/gcc/arm-none-eabi/5.4.1/armv7e-m/fpu/libgcc.a(_udivmoddi4.o)
 .debug_frame   0x00000e2c       0x2c /home/n0ragam1/Ac6/SystemWorkbench/plugins/fr.ac6.mcu.externaltools.arm-none.linux32_1.13.1.201703061523/tools/compiler/bin/../lib/gcc/arm-none-eabi/5.4.1/../../../../arm-none-eabi/lib/armv7e-m/fpu/libc_nano.a(lib_a-init.o)
