Archive member included to satisfy reference by file (symbol)

/home/n0ragam1/Ac6/SystemWorkbench/plugins/fr.ac6.mcu.externaltools.arm-none.linux32_1.13.1.201703061523/tools/compiler/bin/../lib/gcc/arm-none-eabi/5.4.1/armv7e-m/fpu/libgcc.a(_aeabi_uldivmod.o)
                              Drivers/STM32F4xx_HAL_Driver/Src/stm32f4xx_hal_rcc.o (__aeabi_uldivmod)
/home/n0ragam1/Ac6/SystemWorkbench/plugins/fr.ac6.mcu.externaltools.arm-none.linux32_1.13.1.201703061523/tools/compiler/bin/../lib/gcc/arm-none-eabi/5.4.1/armv7e-m/fpu/libgcc.a(_udivmoddi4.o)
                              /home/n0ragam1/Ac6/SystemWorkbench/plugins/fr.ac6.mcu.externaltools.arm-none.linux32_1.13.1.201703061523/tools/compiler/bin/../lib/gcc/arm-none-eabi/5.4.1/armv7e-m/fpu/libgcc.a(_aeabi_uldivmod.o) (__udivmoddi4)
/home/n0ragam1/Ac6/SystemWorkbench/plugins/fr.ac6.mcu.externaltools.arm-none.linux32_1.13.1.201703061523/tools/compiler/bin/../lib/gcc/arm-none-eabi/5.4.1/armv7e-m/fpu/libgcc.a(_dvmd_tls.o)
                              /home/n0ragam1/Ac6/SystemWorkbench/plugins/fr.ac6.mcu.externaltools.arm-none.linux32_1.13.1.201703061523/tools/compiler/bin/../lib/gcc/arm-none-eabi/5.4.1/armv7e-m/fpu/libgcc.a(_aeabi_uldivmod.o) (__aeabi_ldiv0)
/home/n0ragam1/Ac6/SystemWorkbench/plugins/fr.ac6.mcu.externaltools.arm-none.linux32_1.13.1.201703061523/tools/compiler/bin/../lib/gcc/arm-none-eabi/5.4.1/../../../../arm-none-eabi/lib/armv7e-m/fpu/libc_nano.a(lib_a-exit.o)
                              /home/n0ragam1/Ac6/SystemWorkbench/plugins/fr.ac6.mcu.externaltools.arm-none.linux32_1.13.1.201703061523/tools/compiler/bin/../lib/gcc/arm-none-eabi/5.4.1/../../../../arm-none-eabi/lib/armv7e-m/fpu/crt0.o (exit)
/home/n0ragam1/Ac6/SystemWorkbench/plugins/fr.ac6.mcu.externaltools.arm-none.linux32_1.13.1.201703061523/tools/compiler/bin/../lib/gcc/arm-none-eabi/5.4.1/../../../../arm-none-eabi/lib/armv7e-m/fpu/libc_nano.a(lib_a-impure.o)
                              /home/n0ragam1/Ac6/SystemWorkbench/plugins/fr.ac6.mcu.externaltools.arm-none.linux32_1.13.1.201703061523/tools/compiler/bin/../lib/gcc/arm-none-eabi/5.4.1/../../../../arm-none-eabi/lib/armv7e-m/fpu/libc_nano.a(lib_a-exit.o) (_global_impure_ptr)
/home/n0ragam1/Ac6/SystemWorkbench/plugins/fr.ac6.mcu.externaltools.arm-none.linux32_1.13.1.201703061523/tools/compiler/bin/../lib/gcc/arm-none-eabi/5.4.1/../../../../arm-none-eabi/lib/armv7e-m/fpu/libc_nano.a(lib_a-init.o)
                              /home/n0ragam1/Ac6/SystemWorkbench/plugins/fr.ac6.mcu.externaltools.arm-none.linux32_1.13.1.201703061523/tools/compiler/bin/../lib/gcc/arm-none-eabi/5.4.1/../../../../arm-none-eabi/lib/armv7e-m/fpu/crt0.o (__libc_init_array)
/home/n0ragam1/Ac6/SystemWorkbench/plugins/fr.ac6.mcu.externaltools.arm-none.linux32_1.13.1.201703061523/tools/compiler/bin/../lib/gcc/arm-none-eabi/5.4.1/../../../../arm-none-eabi/lib/armv7e-m/fpu/libc_nano.a(lib_a-memset.o)
                              /home/n0ragam1/Ac6/SystemWorkbench/plugins/fr.ac6.mcu.externaltools.arm-none.linux32_1.13.1.201703061523/tools/compiler/bin/../lib/gcc/arm-none-eabi/5.4.1/../../../../arm-none-eabi/lib/armv7e-m/fpu/crt0.o (memset)
/home/n0ragam1/Ac6/SystemWorkbench/plugins/fr.ac6.mcu.externaltools.arm-none.linux32_1.13.1.201703061523/tools/compiler/bin/../lib/gcc/arm-none-eabi/5.4.1/../../../../arm-none-eabi/lib/armv7e-m/fpu/libc_nano.a(lib_a-vsprintf.o)
                              Drivers/Display/lcd.o (vsprintf)
/home/n0ragam1/Ac6/SystemWorkbench/plugins/fr.ac6.mcu.externaltools.arm-none.linux32_1.13.1.201703061523/tools/compiler/bin/../lib/gcc/arm-none-eabi/5.4.1/../../../../arm-none-eabi/lib/armv7e-m/fpu/libc_nano.a(lib_a-nano-svfprintf.o)
                              /home/n0ragam1/Ac6/SystemWorkbench/plugins/fr.ac6.mcu.externaltools.arm-none.linux32_1.13.1.201703061523/tools/compiler/bin/../lib/gcc/arm-none-eabi/5.4.1/../../../../arm-none-eabi/lib/armv7e-m/fpu/libc_nano.a(lib_a-vsprintf.o) (_svfprintf_r)
/home/n0ragam1/Ac6/SystemWorkbench/plugins/fr.ac6.mcu.externaltools.arm-none.linux32_1.13.1.201703061523/tools/compiler/bin/../lib/gcc/arm-none-eabi/5.4.1/../../../../arm-none-eabi/lib/armv7e-m/fpu/libc_nano.a(lib_a-nano-vfprintf_i.o)
                              /home/n0ragam1/Ac6/SystemWorkbench/plugins/fr.ac6.mcu.externaltools.arm-none.linux32_1.13.1.201703061523/tools/compiler/bin/../lib/gcc/arm-none-eabi/5.4.1/../../../../arm-none-eabi/lib/armv7e-m/fpu/libc_nano.a(lib_a-nano-svfprintf.o) (_printf_i)
/home/n0ragam1/Ac6/SystemWorkbench/plugins/fr.ac6.mcu.externaltools.arm-none.linux32_1.13.1.201703061523/tools/compiler/bin/../lib/gcc/arm-none-eabi/5.4.1/../../../../arm-none-eabi/lib/armv7e-m/fpu/libc_nano.a(lib_a-memchr.o)
                              /home/n0ragam1/Ac6/SystemWorkbench/plugins/fr.ac6.mcu.externaltools.arm-none.linux32_1.13.1.201703061523/tools/compiler/bin/../lib/gcc/arm-none-eabi/5.4.1/../../../../arm-none-eabi/lib/armv7e-m/fpu/libc_nano.a(lib_a-nano-svfprintf.o) (memchr)
[...]
Memory Configuration

Name             Origin             Length             Attributes
RAM              0x20000000         0x00020000         xrw
FLASH            0x08000000         0x00080000         xr
*default*        0x00000000         0xffffffff

Linker script and memory map

LOAD /home/n0ragam1/Ac6/SystemWorkbench/plugins/fr.ac6.mcu.externaltools.arm-none.linux32_1.13.1.201703061523/tools/compiler/bin/../lib/gcc/arm-none-eabi/5.4.1/armv7e-m/fpu/crti.o
LOAD /home/n0ragam1/Ac6/SystemWorkbench/plugins/fr.ac6.mcu.externaltools.arm-none.linux32_1.13.1.201703061523/tools/compiler/bin/../lib/gcc/arm-none-eabi/5.4.1/armv7e-m/fpu/crtbegin.o
LOAD /home/n0ragam1/Ac6/SystemWorkbench/plugins/fr.ac6.mcu.externaltools.arm-none.linux32_1.13.1.201703061523/tools/compiler/bin/../lib/gcc/arm-none-eabi/5.4.1/../../../../arm-none-eabi/lib/armv7e-m/fpu/crt0.o
LOAD /home/n0ragam1/Ac6/SystemWorkbench/plugins/fr.ac6.mcu.externaltools.arm-none.linux32_1.13.1.201703061523/tools/compiler/bin/../lib/gcc/arm-none-eabi/5.4.1/../../../../arm-none-eabi/lib/armv7e-m/fpu/libm.a
LOAD Drivers/Display/Fonts/font12.o
LOAD Drivers/Display/Fonts/font16.o
LOAD Drivers/Display/Fonts/font20.o
LOAD Drivers/Display/Fonts/font24.o
LOAD Drivers/Display/Fonts/font8.o
LOAD Drivers/Display/lcd.o
LOAD Drivers/STM32F4xx_HAL_Driver/Src/stm32f4xx_hal.o
LOAD Drivers/STM32F4xx_HAL_Driver/Src/stm32f4xx_hal_cortex.o
LOAD Drivers/STM32F4xx_HAL_Driver/Src/stm32f4xx_hal_dma.o
LOAD Drivers/STM32F4xx_HAL_Driver/Src/stm32f4xx_hal_dma_ex.o
LOAD Drivers/STM32F4xx_HAL_Driver/Src/stm32f4xx_hal_flash.o
LOAD Drivers/STM32F4xx_HAL_Driver/Src/stm32f4xx_hal_flash_ex.o
LOAD Drivers/STM32F4xx_HAL_Driver/Src/stm32f4xx_hal_flash_ramfunc.o
LOAD Drivers/STM32F4xx_HAL_Driver/Src/stm32f4xx_hal_gpio.o
LOAD Drivers/STM32F4xx_HAL_Driver/Src/stm32f4xx_hal_i2c.o
LOAD Drivers/STM32F4xx_HAL_Driver/Src/stm32f4xx_hal_i2c_ex.o
LOAD Drivers/STM32F4xx_HAL_Driver/Src/stm32f4xx_hal_pwr.o
LOAD Drivers/STM32F4xx_HAL_Driver/Src/stm32f4xx_hal_pwr_ex.o
LOAD Drivers/STM32F4xx_HAL_Driver/Src/stm32f4xx_hal_rcc.o
LOAD Drivers/STM32F4xx_HAL_Driver/Src/stm32f4xx_hal_rcc_ex.o
LOAD Drivers/STM32F4xx_HAL_Driver/Src/stm32f4xx_hal_tim.o
LOAD Drivers/STM32F4xx_HAL_Driver/Src/stm32f4xx_hal_tim_ex.o
LOAD Drivers/STM32F4xx_HAL_Driver/Src/stm32f4xx_hal_uart.o
LOAD Src/gpio.o
LOAD Src/i2c.o
LOAD Src/main.o
LOAD Src/stm32f4xx_hal_msp.o
LOAD Src/stm32f4xx_it.o
LOAD Src/system_stm32f4xx.o
LOAD Src/usart.o
LOAD startup/startup_stm32f446xx.o
START GROUP
LOAD /home/n0ragam1/Ac6/SystemWorkbench/plugins/fr.ac6.mcu.externaltools.arm-none.linux32_1.13.1.201703061523/tools/compiler/bin/../lib/gcc/arm-none-eabi/5.4.1/armv7e-m/fpu/libgcc.a
LOAD /home/n0ragam1/Ac6/SystemWorkbench/plugins/fr.ac6.mcu.externaltools.arm-none.linux32_1.13.1.201703061523/tools/compiler/bin/../lib/gcc/arm-none-eabi/5.4.1/../../../../arm-none-eabi/lib/armv7e-m/fpu/libc_nano.a
END GROUP
START GROUP
LOAD /home/n0ragam1/Ac6/SystemWorkbench/plugins/fr.ac6.mcu.externaltools.arm-none.linux32_1.13.1.201703061523/tools/compiler/bin/../lib/gcc/arm-none-eabi/5.4.1/armv7e-m/fpu/libgcc.a
LOAD /home/n0ragam1/Ac6/SystemWorkbench/plugins/fr.ac6.mcu.externaltools.arm-none.linux32_1.13.1.201703061523/tools/compiler/bin/../lib/gcc/arm-none-eabi/5.4.1/../../../../arm-none-eabi/lib/armv7e-m/fpu/libc_nano.a
LOAD /home/n0ragam1/Ac6/SystemWorkbench/plugins/fr.ac6.mcu.externaltools.arm-none.linux32_1.13.1.201703061523/tools/compiler/bin/../lib/gcc/arm-none-eabi/5.4.1/../../../../arm-none-eabi/lib/armv7e-m/fpu/libnosys.a
END GROUP
START GROUP
LOAD /home/n0ragam1/Ac6/SystemWorkbench/plugins/fr.ac6.mcu.externaltools.arm-none.linux32_1.13.1.201703061523/tools/compiler/bin/../lib/gcc/arm-none-eabi/5.4.1/armv7e-m/fpu/libgcc.a
LOAD /home/n0ragam1/Ac6/SystemWorkbench/plugins/fr.ac6.mcu.externaltools.arm-none.linux32_1.13.1.201703061523/tools/compiler/bin/../lib/gcc/arm-none-eabi/5.4.1/../../../../arm-none-eabi/lib/armv7e-m/fpu/libc_nano.a
LOAD /home/n0ragam1/Ac6/SystemWorkbench/plugins/fr.ac6.mcu.externaltools.arm-none.linux32_1.13.1.201703061523/tools/compiler/bin/../lib/gcc/arm-none-eabi/5.4.1/../../../../arm-none-eabi/lib/armv7e-m/fpu/libnosys.a
END GROUP
LOAD /home/n0ragam1/Ac6/SystemWorkbench/plugins/fr.ac6.mcu.externaltools.arm-none.linux32_1.13.1.201703061523/tools/compiler/bin/../lib/gcc/arm-none-eabi/5.4.1/armv7e-m/fpu/crtend.o
LOAD /home/n0ragam1/Ac6/SystemWorkbench/plugins/fr.ac6.mcu.externaltools.arm-none.linux32_1.13.1.201703061523/tools/compiler/bin/../lib/gcc/arm-none-eabi/5.4.1/armv7e-m/fpu/crtn.o
                0x20020000                _estack = 0x20020000
                0x00000200                _Min_Heap_Size = 0x200
                0x00000400                _Min_Stack_Size = 0x400

.isr_vector     0x08000000      0x1c4
                0x08000000                . = ALIGN (0x4)
 *(.isr_vector)
 .isr_vector    0x08000000      0x1c4 startup/startup_stm32f446xx.o
                0x08000000                g_pfnVectors
                0x080001c4                . = ALIGN (0x4)

.text           0x080001d0     0x4db0
                0x080001d0                . = ALIGN (0x4)
 *(.text)
 .text          0x080001d0       0x5c /home/n0ragam1/Ac6/SystemWorkbench/plugins/fr.ac6.mcu.externaltools.arm-none.linux32_1.13.1.201703061523/tools/compiler/bin/../lib/gcc/arm-none-eabi/5.4.1/armv7e-m/fpu/crtbegin.o
 .text          0x0800022c       0x30 /home/n0ragam1/Ac6/SystemWorkbench/plugins/fr.ac6.mcu.externaltools.arm-none.linux32_1.13.1.201703061523/tools/compiler/bin/../lib/gcc/arm-none-eabi/5.4.1/armv7e-m/fpu/libgcc.a(_aeabi_uldivmod.o)
                0x0800022c                __aeabi_uldivmod
 .text          0x0800025c      0x2e4 /home/n0ragam1/Ac6/SystemWorkbench/plugins/fr.ac6.mcu.externaltools.arm-none.linux32_1.13.1.201703061523/tools/compiler/bin/../lib/gcc/arm-none-eabi/5.4.1/armv7e-m/fpu/libgcc.a(_udivmoddi4.o)
                0x0800025c                __udivmoddi4
 .text          0x08000540        0x4 /home/n0ragam1/Ac6/SystemWorkbench/plugins/fr.ac6.mcu.externaltools.arm-none.linux32_1.13.1.201703061523/tools/compiler/bin/../lib/gcc/arm-none-eabi/5.4.1/armv7e-m/fpu/libgcc.a(_dvmd_tls.o)
                0x08000540                __aeabi_ldiv0
                0x08000540                __aeabi_idiv0
 *fill*         0x08000544        0xc 
 .text          0x08000550       0xa0 /home/n0ragam1/Ac6/SystemWorkbench/plugins/fr.ac6.mcu.externaltools.arm-none.linux32_1.13.1.201703061523/tools/compiler/bin/../lib/gcc/arm-none-eabi/5.4.1/../../../../arm-none-eabi/lib/armv7e-m/fpu/libc_nano.a(lib_a-memchr.o)
                0x08000550                memchr
 *(.text*)
 .text.GPIO_Init
                0x080005f0       0xdc Drivers/Display/lcd.o
                0x080005f0                GPIO_Init
 .text.LCD_DrawPixel
                0x080006cc      0x620 Drivers/Display/lcd.o
                0x080006cc                LCD_DrawPixel
 .text.LCD_Flood
                0x08000cec      0x39c Drivers/Display/lcd.o
                0x08000cec                LCD_Flood
 .text.LCD_FillScreen
                0x08001088      0x364 Drivers/Display/lcd.o
                0x08001088                LCD_FillScreen
 .text.LCD_Reset
                0x080013ec       0xc4 Drivers/Display/lcd.o
                0x080013ec                LCD_Reset
 .text.LCD_SetAddrWindow
                0x080014b0      0xc50 Drivers/Display/lcd.o
                0x080014b0                LCD_SetAddrWindow
 .text.LCD_SetRotation
                0x08002100      0x1ec Drivers/Display/lcd.o
                0x08002100                LCD_SetRotation
 .text.LCD_DrawChar
                0x080022ec      0x100 Drivers/Display/lcd.o
                0x080022ec                LCD_DrawChar
 .text.LCD_Printf
                0x080023ec      0x15c Drivers/Display/lcd.o
                0x080023ec                LCD_Printf
 .text.LCD_SetTextSize
                0x08002548       0x18 Drivers/Display/lcd.o
                0x08002548                LCD_SetTextSize
 .text.LCD_SetTextColor
                0x08002560       0x10 Drivers/Display/lcd.o
                0x08002560                LCD_SetTextColor
 .text.LCD_Init
                0x08002570      0x328 Drivers/Display/lcd.o
                0x08002570                LCD_Init
 .text.HAL_InitTick
                0x08002898       0x48 Drivers/STM32F4xx_HAL_Driver/Src/stm32f4xx_hal.o
                0x08002898                HAL_InitTick
 .text.HAL_Init
                0x080028e0       0x34 Drivers/STM32F4xx_HAL_Driver/Src/stm32f4xx_hal.o
                0x080028e0                HAL_Init
 .text.HAL_IncTick
                0x08002914       0x18 Drivers/STM32F4xx_HAL_Driver/Src/stm32f4xx_hal.o
                0x08002914                HAL_IncTick
 .text.HAL_GetTick
                0x0800292c        0xc Drivers/STM32F4xx_HAL_Driver/Src/stm32f4xx_hal.o
                0x0800292c                HAL_GetTick
 .text.HAL_Delay
                0x08002938       0x28 Drivers/STM32F4xx_HAL_Driver/Src/stm32f4xx_hal.o
                0x08002938                HAL_Delay
 .text.HAL_NVIC_SetPriorityGrouping
                0x08002960       0x24 Drivers/STM32F4xx_HAL_Driver/Src/stm32f4xx_hal_cortex.o
                0x08002960                HAL_NVIC_SetPriorityGrouping
 .text.HAL_NVIC_SetPriority
                0x08002984       0x64 Drivers/STM32F4xx_HAL_Driver/Src/stm32f4xx_hal_cortex.o
                0x08002984                HAL_NVIC_SetPriority
 .text.HAL_SYSTICK_Config
                0x080029e8       0x2c Drivers/STM32F4xx_HAL_Driver/Src/stm32f4xx_hal_cortex.o
                0x080029e8                HAL_SYSTICK_Config
 .text.HAL_SYSTICK_CLKSourceConfig
                0x08002a14       0x20 Drivers/STM32F4xx_HAL_Driver/Src/stm32f4xx_hal_cortex.o
                0x08002a14                HAL_SYSTICK_CLKSourceConfig
 .text.HAL_SYSTICK_Callback
                0x08002a34        0x4 Drivers/STM32F4xx_HAL_Driver/Src/stm32f4xx_hal_cortex.o
                0x08002a34                HAL_SYSTICK_Callback
 .text.HAL_SYSTICK_IRQHandler
                0x08002a38        0x8 Drivers/STM32F4xx_HAL_Driver/Src/stm32f4xx_hal_cortex.o
                0x08002a38                HAL_SYSTICK_IRQHandler
 .text.HAL_GPIO_Init
                0x08002a40      0x1b4 Drivers/STM32F4xx_HAL_Driver/Src/stm32f4xx_hal_gpio.o
                0x08002a40                HAL_GPIO_Init
 .text.HAL_GPIO_WritePin
                0x08002bf4        0xc Drivers/STM32F4xx_HAL_Driver/Src/stm32f4xx_hal_gpio.o
                0x08002bf4                HAL_GPIO_WritePin
 .text.I2C_IsAcknowledgeFailed
                0x08002c00       0x2c Drivers/STM32F4xx_HAL_Driver/Src/stm32f4xx_hal_i2c.o
 .text.I2C_WaitOnFlagUntilTimeout
                0x08002c2c       0x68 Drivers/STM32F4xx_HAL_Driver/Src/stm32f4xx_hal_i2c.o
 .text.I2C_WaitOnMasterAddressFlagUntilTimeout
                0x08002c94       0x94 Drivers/STM32F4xx_HAL_Driver/Src/stm32f4xx_hal_i2c.o
 .text.I2C_WaitOnTXEFlagUntilTimeout
                0x08002d28       0x50 Drivers/STM32F4xx_HAL_Driver/Src/stm32f4xx_hal_i2c.o
 .text.I2C_RequestMemoryWrite
                0x08002d78       0xd4 Drivers/STM32F4xx_HAL_Driver/Src/stm32f4xx_hal_i2c.o
 .text.I2C_RequestMemoryRead
                0x08002e4c      0x148 Drivers/STM32F4xx_HAL_Driver/Src/stm32f4xx_hal_i2c.o
 .text.I2C_WaitOnBTFFlagUntilTimeout
                0x08002f94       0x50 Drivers/STM32F4xx_HAL_Driver/Src/stm32f4xx_hal_i2c.o
 .text.I2C_WaitOnRXNEFlagUntilTimeout
                0x08002fe4       0x60 Drivers/STM32F4xx_HAL_Driver/Src/stm32f4xx_hal_i2c.o
 .text.HAL_I2C_Init
                0x08003044      0x11c Drivers/STM32F4xx_HAL_Driver/Src/stm32f4xx_hal_i2c.o
                0x08003044                HAL_I2C_Init
 .text.HAL_I2C_Mem_Write
                0x08003160      0x17c Drivers/STM32F4xx_HAL_Driver/Src/stm32f4xx_hal_i2c.o
                0x08003160                HAL_I2C_Mem_Write
 .text.HAL_I2C_Mem_Read
                0x080032dc      0x300 Drivers/STM32F4xx_HAL_Driver/Src/stm32f4xx_hal_i2c.o
                0x080032dc                HAL_I2C_Mem_Read
 .text.HAL_I2C_IsDeviceReady
                0x080035dc      0x18c Drivers/STM32F4xx_HAL_Driver/Src/stm32f4xx_hal_i2c.o
                0x080035dc                HAL_I2C_IsDeviceReady
 .text.HAL_PWREx_EnableOverDrive
                0x08003768       0x84 Drivers/STM32F4xx_HAL_Driver/Src/stm32f4xx_hal_pwr_ex.o
                0x08003768                HAL_PWREx_EnableOverDrive
 .text.HAL_RCC_ClockConfig
                0x080037ec      0x160 Drivers/STM32F4xx_HAL_Driver/Src/stm32f4xx_hal_rcc.o
                0x080037ec                HAL_RCC_ClockConfig
 .text.HAL_RCC_GetHCLKFreq
                0x0800394c        0xc Drivers/STM32F4xx_HAL_Driver/Src/stm32f4xx_hal_rcc.o
                0x0800394c                HAL_RCC_GetHCLKFreq
 .text.HAL_RCC_GetPCLK1Freq
                0x08003958       0x20 Drivers/STM32F4xx_HAL_Driver/Src/stm32f4xx_hal_rcc.o
                0x08003958                HAL_RCC_GetPCLK1Freq
 .text.HAL_RCC_GetPCLK2Freq
                0x08003978       0x20 Drivers/STM32F4xx_HAL_Driver/Src/stm32f4xx_hal_rcc.o
                0x08003978                HAL_RCC_GetPCLK2Freq
 .text.HAL_RCC_GetSysClockFreq
                0x08003998      0x170 Drivers/STM32F4xx_HAL_Driver/Src/stm32f4xx_hal_rcc_ex.o
                0x08003998                HAL_RCC_GetSysClockFreq
 .text.HAL_RCC_OscConfig
                0x08003b08      0x3e8 Drivers/STM32F4xx_HAL_Driver/Src/stm32f4xx_hal_rcc_ex.o
                0x08003b08                HAL_RCC_OscConfig
 .text.UART_SetConfig
                0x08003ef0      0x32c Drivers/STM32F4xx_HAL_Driver/Src/stm32f4xx_hal_uart.o
 .text.HAL_UART_Init
                0x0800421c       0x64 Drivers/STM32F4xx_HAL_Driver/Src/stm32f4xx_hal_uart.o
                0x0800421c                HAL_UART_Init
 .text.MX_GPIO_Init
                0x08004280       0xa0 Src/gpio.o
                0x08004280                MX_GPIO_Init
 .text.MX_I2C1_Init
                0x08004320       0x40 Src/i2c.o
                0x08004320                MX_I2C1_Init
 .text.HAL_I2C_MspInit
                0x08004360       0x58 Src/i2c.o
                0x08004360                HAL_I2C_MspInit
 .text._Error_Handler
                0x080043b8        0x4 Src/main.o
                0x080043b8                _Error_Handler
 .text.SystemClock_Config
                0x080043bc       0xd0 Src/main.o
                0x080043bc                SystemClock_Config
 .text.main     0x0800448c       0x98 Src/main.o
                0x0800448c                main
 .text.HAL_MspInit
                0x08004524       0x60 Src/stm32f4xx_hal_msp.o
                0x08004524                HAL_MspInit
 .text.SysTick_Handler
                0x08004584        0xc Src/stm32f4xx_it.o
                0x08004584                SysTick_Handler
 .text.SystemInit
                0x08004590       0x4c Src/system_stm32f4xx.o
                0x08004590                SystemInit
 .text.MX_USART2_UART_Init
                0x080045dc       0x3c Src/usart.o
                0x080045dc                MX_USART2_UART_Init
 .text.HAL_UART_MspInit
                0x08004618       0x54 Src/usart.o
                0x08004618                HAL_UART_MspInit
 .text.Reset_Handler
                0x0800466c       0x50 startup/startup_stm32f446xx.o
                0x0800466c                Reset_Handler
 .text.Default_Handler
                0x080046bc        0x2 startup/startup_stm32f446xx.o
                0x080046bc                RTC_Alarm_IRQHandler
                0x080046bc                EXTI2_IRQHandler
                0x080046bc                TIM8_CC_IRQHandler
                0x080046bc                DebugMon_Handler
                0x080046bc                SPI4_IRQHandler
                0x080046bc                TIM1_CC_IRQHandler
                0x080046bc                DMA2_Stream5_IRQHandler
                0x080046bc                HardFault_Handler
                0x080046bc                DMA1_Stream5_IRQHandler
                0x080046bc                PVD_IRQHandler
                0x080046bc                SDIO_IRQHandler
                0x080046bc                TAMP_STAMP_IRQHandler
                0x080046bc                PendSV_Handler
                0x080046bc                NMI_Handler
                0x080046bc                CAN2_RX1_IRQHandler
                0x080046bc                EXTI3_IRQHandler
                0x080046bc                TIM8_TRG_COM_TIM14_IRQHandler
                0x080046bc                TIM1_UP_TIM10_IRQHandler
                0x080046bc                TIM8_UP_TIM13_IRQHandler
                0x080046bc                I2C3_ER_IRQHandler
                0x080046bc                FMPI2C1_Event_IRQHandler
                0x080046bc                EXTI0_IRQHandler
                0x080046bc                I2C2_EV_IRQHandler
                0x080046bc                DMA1_Stream2_IRQHandler
                0x080046bc                CAN1_RX0_IRQHandler
                0x080046bc                FPU_IRQHandler
                0x080046bc                OTG_HS_WKUP_IRQHandler
                0x080046bc                UsageFault_Handler
                0x080046bc                CAN2_SCE_IRQHandler
                0x080046bc                DMA2_Stream2_IRQHandler
                0x080046bc                SPI1_IRQHandler
                0x080046bc                TIM6_DAC_IRQHandler
                0x080046bc                TIM1_BRK_TIM9_IRQHandler
                0x080046bc                DCMI_IRQHandler
                0x080046bc                CAN2_RX0_IRQHandler
                0x080046bc                DMA2_Stream3_IRQHandler
                0x080046bc                SAI2_IRQHandler
                0x080046bc                USART6_IRQHandler
                0x080046bc                USART3_IRQHandler
                0x080046bc                CAN1_RX1_IRQHandler
                0x080046bc                UART5_IRQHandler
                0x080046bc                DMA2_Stream0_IRQHandler
                0x080046bc                TIM4_IRQHandler
                0x080046bc                QUADSPI_IRQHandler
                0x080046bc                I2C1_EV_IRQHandler
                0x080046bc                DMA1_Stream6_IRQHandler
                0x080046bc                DMA1_Stream1_IRQHandler
                0x080046bc                UART4_IRQHandler
                0x080046bc                TIM3_IRQHandler
                0x080046bc                RCC_IRQHandler
                0x080046bc                TIM8_BRK_TIM12_IRQHandler
                0x080046bc                Default_Handler
                0x080046bc                CEC_IRQHandler
                0x080046bc                EXTI15_10_IRQHandler
                0x080046bc                ADC_IRQHandler
                0x080046bc                DMA1_Stream7_IRQHandler
                0x080046bc                TIM7_IRQHandler
                0x080046bc                CAN2_TX_IRQHandler
                0x080046bc                TIM5_IRQHandler
                0x080046bc                DMA2_Stream7_IRQHandler
                0x080046bc                I2C3_EV_IRQHandler
                0x080046bc                EXTI9_5_IRQHandler
                0x080046bc                RTC_WKUP_IRQHandler
                0x080046bc                SPDIF_RX_IRQHandler
                0x080046bc                SPI2_IRQHandler
                0x080046bc                OTG_HS_EP1_IN_IRQHandler
                0x080046bc                MemManage_Handler
                0x080046bc                DMA1_Stream0_IRQHandler
                0x080046bc                CAN1_TX_IRQHandler
                0x080046bc                SVC_Handler
                0x080046bc                EXTI4_IRQHandler
                0x080046bc                OTG_HS_EP1_OUT_IRQHandler
                0x080046bc                WWDG_IRQHandler
                0x080046bc                TIM2_IRQHandler
                0x080046bc                OTG_FS_WKUP_IRQHandler
                0x080046bc                TIM1_TRG_COM_TIM11_IRQHandler
                0x080046bc                OTG_HS_IRQHandler
                0x080046bc                EXTI1_IRQHandler
                0x080046bc                USART2_IRQHandler
                0x080046bc                I2C2_ER_IRQHandler
                0x080046bc                DMA2_Stream1_IRQHandler
                0x080046bc                CAN1_SCE_IRQHandler
                0x080046bc                FLASH_IRQHandler
                0x080046bc                DMA2_Stream4_IRQHandler
                0x080046bc                BusFault_Handler
                0x080046bc                USART1_IRQHandler
                0x080046bc                OTG_FS_IRQHandler
                0x080046bc                SPI3_IRQHandler
                0x080046bc                DMA1_Stream4_IRQHandler
                0x080046bc                I2C1_ER_IRQHandler
                0x080046bc                FMC_IRQHandler
                0x080046bc                DMA2_Stream6_IRQHandler
                0x080046bc                SAI1_IRQHandler
                0x080046bc                DMA1_Stream3_IRQHandler
                0x080046bc                FMPI2C1_Error_IRQHandler
 *fill*         0x080046be        0x2 
 .text.__libc_init_array
                0x080046c0       0x4c /home/n0ragam1/Ac6/SystemWorkbench/plugins/fr.ac6.mcu.externaltools.arm-none.linux32_1.13.1.201703061523/tools/compiler/bin/../lib/gcc/arm-none-eabi/5.4.1/../../../../arm-none-eabi/lib/armv7e-m/fpu/libc_nano.a(lib_a-init.o)
                0x080046c0                __libc_init_array
 .text._vsprintf_r
                0x0800470c       0x30 /home/n0ragam1/Ac6/SystemWorkbench/plugins/fr.ac6.mcu.externaltools.arm-none.linux32_1.13.1.201703061523/tools/compiler/bin/../lib/gcc/arm-none-eabi/5.4.1/../../../../arm-none-eabi/lib/armv7e-m/fpu/libc_nano.a(lib_a-vsprintf.o)
                0x0800470c                _vsiprintf_r
                0x0800470c                _vsprintf_r
 .text.vsprintf
                0x0800473c       0x14 /home/n0ragam1/Ac6/SystemWorkbench/plugins/fr.ac6.mcu.externaltools.arm-none.linux32_1.13.1.201703061523/tools/compiler/bin/../lib/gcc/arm-none-eabi/5.4.1/../../../../arm-none-eabi/lib/armv7e-m/fpu/libc_nano.a(lib_a-vsprintf.o)
                0x0800473c                vsprintf
                0x0800473c                vsiprintf
 .text.__ssputs_r
                0x08004750       0xb2 /home/n0ragam1/Ac6/SystemWorkbench/plugins/fr.ac6.mcu.externaltools.arm-none.linux32_1.13.1.201703061523/tools/compiler/bin/../lib/gcc/arm-none-eabi/5.4.1/../../../../arm-none-eabi/lib/armv7e-m/fpu/libc_nano.a(lib_a-nano-svfprintf.o)
                0x08004750                __ssputs_r
 *fill*         0x08004802        0x2 
 .text._svfprintf_r
                0x08004804      0x1e8 /home/n0ragam1/Ac6/SystemWorkbench/plugins/fr.ac6.mcu.externaltools.arm-none.linux32_1.13.1.201703061523/tools/compiler/bin/../lib/gcc/arm-none-eabi/5.4.1/../../../../arm-none-eabi/lib/armv7e-m/fpu/libc_nano.a(lib_a-nano-svfprintf.o)
                0x08004804                _svfprintf_r
                0x08004804                _svfiprintf_r
 .text._printf_common
                0x080049ec       0xec /home/n0ragam1/Ac6/SystemWorkbench/plugins/fr.ac6.mcu.externaltools.arm-none.linux32_1.13.1.201703061523/tools/compiler/bin/../lib/gcc/arm-none-eabi/5.4.1/../../../../arm-none-eabi/lib/armv7e-m/fpu/libc_nano.a(lib_a-nano-vfprintf_i.o)
                0x080049ec                _printf_common
 .text._printf_i
                0x08004ad8      0x24c /home/n0ragam1/Ac6/SystemWorkbench/plugins/fr.ac6.mcu.externaltools.arm-none.linux32_1.13.1.201703061523/tools/compiler/bin/../lib/gcc/arm-none-eabi/5.4.1/../../../../arm-none-eabi/lib/armv7e-m/fpu/libc_nano.a(lib_a-nano-vfprintf_i.o)
                0x08004ad8                _printf_i
 .text.memcpy   0x08004d24       0x16 /home/n0ragam1/Ac6/SystemWorkbench/plugins/fr.ac6.mcu.externaltools.arm-none.linux32_1.13.1.201703061523/tools/compiler/bin/../lib/gcc/arm-none-eabi/5.4.1/../../../../arm-none-eabi/lib/armv7e-m/fpu/libc_nano.a(lib_a-memcpy-stub.o)
                0x08004d24                memcpy
 .text.memmove  0x08004d3a       0x36 /home/n0ragam1/Ac6/SystemWorkbench/plugins/fr.ac6.mcu.externaltools.arm-none.linux32_1.13.1.201703061523/tools/compiler/bin/../lib/gcc/arm-none-eabi/5.4.1/../../../../arm-none-eabi/lib/armv7e-m/fpu/libc_nano.a(lib_a-memmove.o)
                0x08004d3a                memmove
 .text._free_r  0x08004d70       0x9c /home/n0ragam1/Ac6/SystemWorkbench/plugins/fr.ac6.mcu.externaltools.arm-none.linux32_1.13.1.201703061523/tools/compiler/bin/../lib/gcc/arm-none-eabi/5.4.1/../../../../arm-none-eabi/lib/armv7e-m/fpu/libc_nano.a(lib_a-nano-freer.o)
                0x08004d70                _free_r
 .text._malloc_r
                0x08004e0c       0xbc /home/n0ragam1/Ac6/SystemWorkbench/plugins/fr.ac6.mcu.externaltools.arm-none.linux32_1.13.1.201703061523/tools/compiler/bin/../lib/gcc/arm-none-eabi/5.4.1/../../../../arm-none-eabi/lib/armv7e-m/fpu/libc_nano.a(lib_a-nano-mallocr.o)
                0x08004e0c                _malloc_r
 .text._realloc_r
                0x08004ec8       0x4c /home/n0ragam1/Ac6/SystemWorkbench/plugins/fr.ac6.mcu.externaltools.arm-none.linux32_1.13.1.201703061523/tools/compiler/bin/../lib/gcc/arm-none-eabi/5.4.1/../../../../arm-none-eabi/lib/armv7e-m/fpu/libc_nano.a(lib_a-nano-reallocr.o)
                0x08004ec8                _realloc_r
 .text._sbrk_r  0x08004f14       0x20 /home/n0ragam1/Ac6/SystemWorkbench/plugins/fr.ac6.mcu.externaltools.arm-none.linux32_1.13.1.201703061523/tools/compiler/bin/../lib/gcc/arm-none-eabi/5.4.1/../../../../arm-none-eabi/lib/armv7e-m/fpu/libc_nano.a(lib_a-sbrkr.o)
                0x08004f14                _sbrk_r
 .text.__malloc_lock
                0x08004f34        0x2 /home/n0ragam1/Ac6/SystemWorkbench/plugins/fr.ac6.mcu.externaltools.arm-none.linux32_1.13.1.201703061523/tools/compiler/bin/../lib/gcc/arm-none-eabi/5.4.1/../../../../arm-none-eabi/lib/armv7e-m/fpu/libc_nano.a(lib_a-mlock.o)
                0x08004f34                __malloc_lock
 .text.__malloc_unlock
                0x08004f36        0x2 /home/n0ragam1/Ac6/SystemWorkbench/plugins/fr.ac6.mcu.externaltools.arm-none.linux32_1.13.1.201703061523/tools/compiler/bin/../lib/gcc/arm-none-eabi/5.4.1/../../../../arm-none-eabi/lib/armv7e-m/fpu/libc_nano.a(lib_a-mlock.o)
                0x08004f36                __malloc_unlock
 .text._malloc_usable_size_r
                0x08004f38       0x14 /home/n0ragam1/Ac6/SystemWorkbench/plugins/fr.ac6.mcu.externaltools.arm-none.linux32_1.13.1.201703061523/tools/compiler/bin/../lib/gcc/arm-none-eabi/5.4.1/../../../../arm-none-eabi/lib/armv7e-m/fpu/libc_nano.a(lib_a-nano-msizer.o)
                0x08004f38                _malloc_usable_size_r
 .text._sbrk    0x08004f4c       0x1c /home/n0ragam1/Ac6/SystemWorkbench/plugins/fr.ac6.mcu.externaltools.arm-none.linux32_1.13.1.201703061523/tools/compiler/bin/../lib/gcc/arm-none-eabi/5.4.1/../../../../arm-none-eabi/lib/armv7e-m/fpu/libnosys.a(sbrk.o)
                0x08004f4c                _sbrk
 *(.glue_7)
 .glue_7        0x08004f68        0x0 linker stubs
 *(.glue_7t)
 .glue_7t       0x08004f68        0x0 linker stubs
 *(.eh_frame)
 .eh_frame      0x08004f68        0x0 /home/n0ragam1/Ac6/SystemWorkbench/plugins/fr.ac6.mcu.externaltools.arm-none.linux32_1.13.1.201703061523/tools/compiler/bin/../lib/gcc/arm-none-eabi/5.4.1/armv7e-m/fpu/crtbegin.o
 *(.init)
 .init          0x08004f68        0x4 /home/n0ragam1/Ac6/SystemWorkbench/plugins/fr.ac6.mcu.externaltools.arm-none.linux32_1.13.1.201703061523/tools/compiler/bin/../lib/gcc/arm-none-eabi/5.4.1/armv7e-m/fpu/crti.o
                0x08004f68                _init
 .init          0x08004f6c        0x8 /home/n0ragam1/Ac6/SystemWorkbench/plugins/fr.ac6.mcu.externaltools.arm-none.linux32_1.13.1.201703061523/tools/compiler/bin/../lib/gcc/arm-none-eabi/5.4.1/armv7e-m/fpu/crtn.o
 *(.fini)
 .fini          0x08004f74        0x4 /home/n0ragam1/Ac6/SystemWorkbench/plugins/fr.ac6.mcu.externaltools.arm-none.linux32_1.13.1.201703061523/tools/compiler/bin/../lib/gcc/arm-none-eabi/5.4.1/armv7e-m/fpu/crti.o
                0x08004f74                _fini
 .fini          0x08004f78        0x8 /home/n0ragam1/Ac6/SystemWorkbench/plugins/fr.ac6.mcu.externaltools.arm-none.linux32_1.13.1.201703061523/tools/compiler/bin/../lib/gcc/arm-none-eabi/5.4.1/armv7e-m/fpu/crtn.o
                0x08004f80                . = ALIGN (0x4)
                0x08004f80                _etext = .

.vfp11_veneer   0x08004f80        0x0
 .vfp11_veneer  0x08004f80        0x0 linker stubs

.v4_bx          0x08004f80        0x0
 .v4_bx         0x08004f80        0x0 linker stubs

.iplt           0x08004f80        0x0
 .iplt          0x08004f80        0x0 /home/n0ragam1/Ac6/SystemWorkbench/plugins/fr.ac6.mcu.externaltools.arm-none.linux32_1.13.1.201703061523/tools/compiler/bin/../lib/gcc/arm-none-eabi/5.4.1/armv7e-m/fpu/crtbegin.o

.rodata         0x08004f80      0x5d0
                0x08004f80                . = ALIGN (0x4)
 *(.rodata)
 .rodata        0x08004f80      0x474 Drivers/Display/Fonts/font12.o
                0x08004f80                Font12_Table
 .rodata        0x080053f4       0xcc Drivers/Display/lcd.o
 .rodata        0x080054c0       0x18 Src/system_stm32f4xx.o
                0x080054c0                AHBPrescTable
                0x080054d0                APBPrescTable
 *(.rodata*)
 .rodata.str1.4
                0x080054d8        0xd Src/i2c.o
 *fill*         0x080054e5        0x3 
 .rodata.str1.4
                0x080054e8       0x24 Src/main.o
 .rodata.str1.4
                0x0800550c       0x10 Src/usart.o
                                  0xf (size before relaxing)
 .rodata.str1.1
                0x0800551c       0x11 /home/n0ragam1/Ac6/SystemWorkbench/plugins/fr.ac6.mcu.externaltools.arm-none.linux32_1.13.1.201703061523/tools/compiler/bin/../lib/gcc/arm-none-eabi/5.4.1/../../../../arm-none-eabi/lib/armv7e-m/fpu/libc_nano.a(lib_a-nano-svfprintf.o)
 .rodata.str1.1
                0x0800552d       0x22 /home/n0ragam1/Ac6/SystemWorkbench/plugins/fr.ac6.mcu.externaltools.arm-none.linux32_1.13.1.201703061523/tools/compiler/bin/../lib/gcc/arm-none-eabi/5.4.1/../../../../arm-none-eabi/lib/armv7e-m/fpu/libc_nano.a(lib_a-nano-vfprintf_i.o)
                0x08005550                . = ALIGN (0x4)
 *fill*         0x0800554f        0x1 

.ARM.extab
 *(.ARM.extab* .gnu.linkonce.armextab.*)

.ARM            0x08005550        0x8
                0x08005550                __exidx_start = .
 *(.ARM.exidx*)
 .ARM.exidx     0x08005550        0x8 /home/n0ragam1/Ac6/SystemWorkbench/plugins/fr.ac6.mcu.externaltools.arm-none.linux32_1.13.1.201703061523/tools/compiler/bin/../lib/gcc/arm-none-eabi/5.4.1/armv7e-m/fpu/libgcc.a(_udivmoddi4.o)
                0x08005558                __exidx_end = .

.rel.dyn        0x08005558        0x0
 .rel.iplt      0x08005558        0x0 /home/n0ragam1/Ac6/SystemWorkbench/plugins/fr.ac6.mcu.externaltools.arm-none.linux32_1.13.1.201703061523/tools/compiler/bin/../lib/gcc/arm-none-eabi/5.4.1/armv7e-m/fpu/crtbegin.o

.preinit_array  0x08005558        0x0
                0x08005558                PROVIDE (__preinit_array_start, .)
 *(.preinit_array*)
                0x08005558                PROVIDE (__preinit_array_end, .)

.init_array     0x08005558        0x4
                0x08005558                PROVIDE (__init_array_start, .)
 *(SORT(.init_array.*))
 *(.init_array*)
 .init_array    0x08005558        0x4 /home/n0ragam1/Ac6/SystemWorkbench/plugins/fr.ac6.mcu.externaltools.arm-none.linux32_1.13.1.201703061523/tools/compiler/bin/../lib/gcc/arm-none-eabi/5.4.1/armv7e-m/fpu/crtbegin.o
                0x0800555c                PROVIDE (__init_array_end, .)

.fini_array     0x0800555c        0x4
                [!provide]                PROVIDE (__fini_array_start, .)
 *(SORT(.fini_array.*))
 *(.fini_array*)
 .fini_array    0x0800555c        0x4 /home/n0ragam1/Ac6/SystemWorkbench/plugins/fr.ac6.mcu.externaltools.arm-none.linux32_1.13.1.201703061523/tools/compiler/bin/../lib/gcc/arm-none-eabi/5.4.1/armv7e-m/fpu/crtbegin.o
                [!provide]                PROVIDE (__fini_array_end, .)
                0x08005560                _sidata = LOADADDR (.data)

.data           0x20000000       0x78 load address 0x08005560
                0x20000000                . = ALIGN (0x4)
                0x20000000                _sdata = .
 *(.data)
 .data          0x20000000        0x8 Drivers/Display/Fonts/font12.o
                0x20000000                Font12
 .data          0x20000008        0x8 Drivers/STM32F4xx_HAL_Driver/Src/stm32f4xx_hal.o
                0x20000008                uwTickFreq
                0x2000000c                uwTickPrio
 .data          0x20000010        0x4 Src/system_stm32f4xx.o
                0x20000010                SystemCoreClock
 *(.data*)
 .data.impure_data
                0x20000014       0x60 /home/n0ragam1/Ac6/SystemWorkbench/plugins/fr.ac6.mcu.externaltools.arm-none.linux32_1.13.1.201703061523/tools/compiler/bin/../lib/gcc/arm-none-eabi/5.4.1/../../../../arm-none-eabi/lib/armv7e-m/fpu/libc_nano.a(lib_a-impure.o)
 .data._impure_ptr
                0x20000074        0x4 /home/n0ragam1/Ac6/SystemWorkbench/plugins/fr.ac6.mcu.externaltools.arm-none.linux32_1.13.1.201703061523/tools/compiler/bin/../lib/gcc/arm-none-eabi/5.4.1/../../../../arm-none-eabi/lib/armv7e-m/fpu/libc_nano.a(lib_a-impure.o)
                0x20000074                _impure_ptr
                0x20000078                . = ALIGN (0x4)
                0x20000078                _edata = .

.jcr            0x20000078        0x0 load address 0x080055d8
 .jcr           0x20000078        0x0 /home/n0ragam1/Ac6/SystemWorkbench/plugins/fr.ac6.mcu.externaltools.arm-none.linux32_1.13.1.201703061523/tools/compiler/bin/../lib/gcc/arm-none-eabi/5.4.1/armv7e-m/fpu/crtbegin.o

.igot.plt       0x20000078        0x0 load address 0x080055d8
 .igot.plt      0x20000078        0x0 /home/n0ragam1/Ac6/SystemWorkbench/plugins/fr.ac6.mcu.externaltools.arm-none.linux32_1.13.1.201703061523/tools/compiler/bin/../lib/gcc/arm-none-eabi/5.4.1/armv7e-m/fpu/crtbegin.o
                0x20000078                . = ALIGN (0x4)

.bss            0x20000078      0x1d8 load address 0x080055d8
                0x20000078                _sbss = .
                0x20000078                __bss_start__ = _sbss
 *(.bss)
 .bss           0x20000078       0x1c /home/n0ragam1/Ac6/SystemWorkbench/plugins/fr.ac6.mcu.externaltools.arm-none.linux32_1.13.1.201703061523/tools/compiler/bin/../lib/gcc/arm-none-eabi/5.4.1/armv7e-m/fpu/crtbegin.o
 .bss           0x20000094      0x112 Drivers/Display/lcd.o
 *(.bss*)
 *fill*         0x200001a6        0x2 
 .bss.__malloc_sbrk_start
                0x200001a8        0x4 /home/n0ragam1/Ac6/SystemWorkbench/plugins/fr.ac6.mcu.externaltools.arm-none.linux32_1.13.1.201703061523/tools/compiler/bin/../lib/gcc/arm-none-eabi/5.4.1/../../../../arm-none-eabi/lib/armv7e-m/fpu/libc_nano.a(lib_a-nano-mallocr.o)
                0x200001a8                __malloc_sbrk_start
 .bss.__malloc_free_list
                0x200001ac        0x4 /home/n0ragam1/Ac6/SystemWorkbench/plugins/fr.ac6.mcu.externaltools.arm-none.linux32_1.13.1.201703061523/tools/compiler/bin/../lib/gcc/arm-none-eabi/5.4.1/../../../../arm-none-eabi/lib/armv7e-m/fpu/libc_nano.a(lib_a-nano-mallocr.o)
                0x200001ac                __malloc_free_list
 .bss.heap_end.4169
                0x200001b0        0x4 /home/n0ragam1/Ac6/SystemWorkbench/plugins/fr.ac6.mcu.externaltools.arm-none.linux32_1.13.1.201703061523/tools/compiler/bin/../lib/gcc/arm-none-eabi/5.4.1/../../../../arm-none-eabi/lib/armv7e-m/fpu/libnosys.a(sbrk.o)
 *(COMMON)
 COMMON         0x200001b4        0x4 Drivers/STM32F4xx_HAL_Driver/Src/stm32f4xx_hal.o
                0x200001b4                uwTick
 COMMON         0x200001b8       0x54 Src/i2c.o
                0x200001b8                hi2c1
 COMMON         0x2000020c       0x40 Src/usart.o
                0x2000020c                huart2
 COMMON         0x2000024c        0x4 /home/n0ragam1/Ac6/SystemWorkbench/plugins/fr.ac6.mcu.externaltools.arm-none.linux32_1.13.1.201703061523/tools/compiler/bin/../lib/gcc/arm-none-eabi/5.4.1/../../../../arm-none-eabi/lib/armv7e-m/fpu/libc_nano.a(lib_a-reent.o)
                0x2000024c                errno
                0x20000250                . = ALIGN (0x4)
                0x20000250                _ebss = .
                0x20000250                __bss_end__ = _ebss

._user_heap_stack
                0x20000250      0x600 load address 0x080055d8
                0x20000250                . = ALIGN (0x8)
                0x20000250                PROVIDE (end, .)
                [!provide]                PROVIDE (_end, .)
                0x20000450                . = (. + _Min_Heap_Size)
 *fill*         0x20000250      0x200 
                0x20000850                . = (. + _Min_Stack_Size)
 *fill*         0x20000450      0x400 
                0x20000850                . = ALIGN (0x8)

/DISCARD/
 libc.a(*)
 libm.a(*)
 libgcc.a(*)

.ARM.attributes
                0x00000000       0x30
 *(.ARM.attributes)
 .ARM.attributes
                0x00000000       0x22 /home/n0ragam1/Ac6/SystemWorkbench/plugins/fr.ac6.mcu.externaltools.arm-none.linux32_1.13.1.201703061523/tools/compiler/bin/../lib/gcc/arm-none-eabi/5.4.1/armv7e-m/fpu/crti.o
 .ARM.attributes
                0x00000022       0x34 /home/n0ragam1/Ac6/SystemWorkbench/plugins/fr.ac6.mcu.externaltools.arm-none.linux32_1.13.1.201703061523/tools/compiler/bin/../lib/gcc/arm-none-eabi/5.4.1/armv7e-m/fpu/crtbegin.o
 .ARM.attributes
                0x00000056       0x39 Drivers/Display/Fonts/font12.o
 .ARM.attributes
                0x0000008f       0x39 Drivers/Display/lcd.o
 .ARM.attributes
                0x000000c8       0x39 Drivers/STM32F4xx_HAL_Driver/Src/stm32f4xx_hal.o
 .ARM.attributes
                0x00000101       0x39 Drivers/STM32F4xx_HAL_Driver/Src/stm32f4xx_hal_cortex.o
 .ARM.attributes
                0x0000013a       0x39 Drivers/STM32F4xx_HAL_Driver/Src/stm32f4xx_hal_gpio.o
 .ARM.attributes
                0x00000173       0x39 Drivers/STM32F4xx_HAL_Driver/Src/stm32f4xx_hal_i2c.o
 .ARM.attributes
                0x000001ac       0x39 Drivers/STM32F4xx_HAL_Driver/Src/stm32f4xx_hal_pwr_ex.o
 .ARM.attributes
                0x000001e5       0x39 Drivers/STM32F4xx_HAL_Driver/Src/stm32f4xx_hal_rcc.o
 .ARM.attributes
                0x0000021e       0x39 Drivers/STM32F4xx_HAL_Driver/Src/stm32f4xx_hal_rcc_ex.o
 .ARM.attributes
                0x00000257       0x39 Drivers/STM32F4xx_HAL_Driver/Src/stm32f4xx_hal_uart.o
 .ARM.attributes
                0x00000290       0x39 Src/gpio.o
 .ARM.attributes
                0x000002c9       0x39 Src/i2c.o
 .ARM.attributes
                0x00000302       0x39 Src/main.o
 .ARM.attributes
                0x0000033b       0x39 Src/stm32f4xx_hal_msp.o
 .ARM.attributes
                0x00000374       0x39 Src/stm32f4xx_it.o
 .ARM.attributes
                0x000003ad       0x39 Src/system_stm32f4xx.o
 .ARM.attributes
                0x000003e6       0x39 Src/usart.o
 .ARM.attributes
                0x0000041f       0x21 startup/startup_stm32f446xx.o
 .ARM.attributes
                0x00000440       0x22 /home/n0ragam1/Ac6/SystemWorkbench/plugins/fr.ac6.mcu.externaltools.arm-none.linux32_1.13.1.201703061523/tools/compiler/bin/../lib/gcc/arm-none-eabi/5.4.1/armv7e-m/fpu/libgcc.a(_aeabi_uldivmod.o)
 .ARM.attributes
                0x00000462       0x34 /home/n0ragam1/Ac6/SystemWorkbench/plugins/fr.ac6.mcu.externaltools.arm-none.linux32_1.13.1.201703061523/tools/compiler/bin/../lib/gcc/arm-none-eabi/5.4.1/armv7e-m/fpu/libgcc.a(_udivmoddi4.o)
 .ARM.attributes
                0x00000496       0x22 /home/n0ragam1/Ac6/SystemWorkbench/plugins/fr.ac6.mcu.externaltools.arm-none.linux32_1.13.1.201703061523/tools/compiler/bin/../lib/gcc/arm-none-eabi/5.4.1/armv7e-m/fpu/libgcc.a(_dvmd_tls.o)
 .ARM.attributes
                0x000004b8       0x34 /home/n0ragam1/Ac6/SystemWorkbench/plugins/fr.ac6.mcu.externaltools.arm-none.linux32_1.13.1.201703061523/tools/compiler/bin/../lib/gcc/arm-none-eabi/5.4.1/../../../../arm-none-eabi/lib/armv7e-m/fpu/libc_nano.a(lib_a-impure.o)
 .ARM.attributes
                0x000004ec       0x34 /home/n0ragam1/Ac6/SystemWorkbench/plugins/fr.ac6.mcu.externaltools.arm-none.linux32_1.13.1.201703061523/tools/compiler/bin/../lib/gcc/arm-none-eabi/5.4.1/../../../../arm-none-eabi/lib/armv7e-m/fpu/libc_nano.a(lib_a-init.o)
 .ARM.attributes
                0x00000520       0x34 /home/n0ragam1/Ac6/SystemWorkbench/plugins/fr.ac6.mcu.externaltools.arm-none.linux32_1.13.1.201703061523/tools/compiler/bin/../lib/gcc/arm-none-eabi/5.4.1/../../../../arm-none-eabi/lib/armv7e-m/fpu/libc_nano.a(lib_a-vsprintf.o)
 .ARM.attributes
                0x00000554       0x34 /home/n0ragam1/Ac6/SystemWorkbench/plugins/fr.ac6.mcu.externaltools.arm-none.linux32_1.13.1.201703061523/tools/compiler/bin/../lib/gcc/arm-none-eabi/5.4.1/../../../../arm-none-eabi/lib/armv7e-m/fpu/libc_nano.a(lib_a-nano-svfprintf.o)
 .ARM.attributes
                0x00000588       0x34 /home/n0ragam1/Ac6/SystemWorkbench/plugins/fr.ac6.mcu.externaltools.arm-none.linux32_1.13.1.201703061523/tools/compiler/bin/../lib/gcc/arm-none-eabi/5.4.1/../../../../arm-none-eabi/lib/armv7e-m/fpu/libc_nano.a(lib_a-nano-vfprintf_i.o)
 .ARM.attributes
                0x000005bc       0x20 /home/n0ragam1/Ac6/SystemWorkbench/plugins/fr.ac6.mcu.externaltools.arm-none.linux32_1.13.1.201703061523/tools/compiler/bin/../lib/gcc/arm-none-eabi/5.4.1/../../../../arm-none-eabi/lib/armv7e-m/fpu/libc_nano.a(lib_a-memchr.o)
 .ARM.attributes
                0x000005dc       0x34 /home/n0ragam1/Ac6/SystemWorkbench/plugins/fr.ac6.mcu.externaltools.arm-none.linux32_1.13.1.201703061523/tools/compiler/bin/../lib/gcc/arm-none-eabi/5.4.1/../../../../arm-none-eabi/lib/armv7e-m/fpu/libc_nano.a(lib_a-memcpy-stub.o)
 .ARM.attributes
                0x00000610       0x34 /home/n0ragam1/Ac6/SystemWorkbench/plugins/fr.ac6.mcu.externaltools.arm-none.linux32_1.13.1.201703061523/tools/compiler/bin/../lib/gcc/arm-none-eabi/5.4.1/../../../../arm-none-eabi/lib/armv7e-m/fpu/libc_nano.a(lib_a-memmove.o)
 .ARM.attributes
                0x00000644       0x34 /home/n0ragam1/Ac6/SystemWorkbench/plugins/fr.ac6.mcu.externaltools.arm-none.linux32_1.13.1.201703061523/tools/compiler/bin/../lib/gcc/arm-none-eabi/5.4.1/../../../../arm-none-eabi/lib/armv7e-m/fpu/libc_nano.a(lib_a-nano-freer.o)
 .ARM.attributes
                0x00000678       0x34 /home/n0ragam1/Ac6/SystemWorkbench/plugins/fr.ac6.mcu.externaltools.arm-none.linux32_1.13.1.201703061523/tools/compiler/bin/../lib/gcc/arm-none-eabi/5.4.1/../../../../arm-none-eabi/lib/armv7e-m/fpu/libc_nano.a(lib_a-nano-mallocr.o)
 .ARM.attributes
                0x000006ac       0x34 /home/n0ragam1/Ac6/SystemWorkbench/plugins/fr.ac6.mcu.externaltools.arm-none.linux32_1.13.1.201703061523/tools/compiler/bin/../lib/gcc/arm-none-eabi/5.4.1/../../../../arm-none-eabi/lib/armv7e-m/fpu/libc_nano.a(lib_a-nano-reallocr.o)
 .ARM.attributes
                0x000006e0       0x34 /home/n0ragam1/Ac6/SystemWorkbench/plugins/fr.ac6.mcu.externaltools.arm-none.linux32_1.13.1.201703061523/tools/compiler/bin/../lib/gcc/arm-none-eabi/5.4.1/../../../../arm-none-eabi/lib/armv7e-m/fpu/libc_nano.a(lib_a-sbrkr.o)
 .ARM.attributes
                0x00000714       0x34 /home/n0ragam1/Ac6/SystemWorkbench/plugins/fr.ac6.mcu.externaltools.arm-none.linux32_1.13.1.201703061523/tools/compiler/bin/../lib/gcc/arm-none-eabi/5.4.1/../../../../arm-none-eabi/lib/armv7e-m/fpu/libc_nano.a(lib_a-mlock.o)
 .ARM.attributes
                0x00000748       0x34 /home/n0ragam1/Ac6/SystemWorkbench/plugins/fr.ac6.mcu.externaltools.arm-none.linux32_1.13.1.201703061523/tools/compiler/bin/../lib/gcc/arm-none-eabi/5.4.1/../../../../arm-none-eabi/lib/armv7e-m/fpu/libc_nano.a(lib_a-nano-msizer.o)
 .ARM.attributes
                0x0000077c       0x34 /home/n0ragam1/Ac6/SystemWorkbench/plugins/fr.ac6.mcu.externaltools.arm-none.linux32_1.13.1.201703061523/tools/compiler/bin/../lib/gcc/arm-none-eabi/5.4.1/../../../../arm-none-eabi/lib/armv7e-m/fpu/libc_nano.a(lib_a-reent.o)
 .ARM.attributes
                0x000007b0       0x34 /home/n0ragam1/Ac6/SystemWorkbench/plugins/fr.ac6.mcu.externaltools.arm-none.linux32_1.13.1.201703061523/tools/compiler/bin/../lib/gcc/arm-none-eabi/5.4.1/../../../../arm-none-eabi/lib/armv7e-m/fpu/libnosys.a(sbrk.o)
 .ARM.attributes
                0x000007e4       0x22 /home/n0ragam1/Ac6/SystemWorkbench/plugins/fr.ac6.mcu.externaltools.arm-none.linux32_1.13.1.201703061523/tools/compiler/bin/../lib/gcc/arm-none-eabi/5.4.1/armv7e-m/fpu/crtn.o
OUTPUT(G8-L20.elf elf32-littlearm)

.debug_info     0x00000000     0xf84d
 .debug_info    0x00000000      0x117 Drivers/Display/Fonts/font12.o
 .debug_info    0x00000117     0x4201 Drivers/Display/lcd.o
 .debug_info    0x00004318      0x9b8 Drivers/STM32F4xx_HAL_Driver/Src/stm32f4xx_hal.o
 .debug_info    0x00004cd0      0xf2b Drivers/STM32F4xx_HAL_Driver/Src/stm32f4xx_hal_cortex.o
 .debug_info    0x00005bfb      0x778 Drivers/STM32F4xx_HAL_Driver/Src/stm32f4xx_hal_gpio.o
 .debug_info    0x00006373     0x2e95 Drivers/STM32F4xx_HAL_Driver/Src/stm32f4xx_hal_i2c.o
 .debug_info    0x00009208      0x7c4 Drivers/STM32F4xx_HAL_Driver/Src/stm32f4xx_hal_pwr_ex.o
 .debug_info    0x000099cc      0xa84 Drivers/STM32F4xx_HAL_Driver/Src/stm32f4xx_hal_rcc.o
 .debug_info    0x0000a450      0xbb2 Drivers/STM32F4xx_HAL_Driver/Src/stm32f4xx_hal_rcc_ex.o
 .debug_info    0x0000b002     0x16b4 Drivers/STM32F4xx_HAL_Driver/Src/stm32f4xx_hal_uart.o
 .debug_info    0x0000c6b6      0x4c2 Src/gpio.o
 .debug_info    0x0000cb78      0x9f9 Src/i2c.o
 .debug_info    0x0000d571      0xefe Src/main.o
 .debug_info    0x0000e46f      0x3fc Src/stm32f4xx_hal_msp.o
 .debug_info    0x0000e86b       0xeb Src/stm32f4xx_it.o
 .debug_info    0x0000e956      0x534 Src/system_stm32f4xx.o
 .debug_info    0x0000ee8a      0x958 Src/usart.o
 .debug_info    0x0000f7e2       0x6b startup/startup_stm32f446xx.o

.debug_abbrev   0x00000000     0x1e9c
 .debug_abbrev  0x00000000       0x96 Drivers/Display/Fonts/font12.o
 .debug_abbrev  0x00000096      0x310 Drivers/Display/lcd.o
 .debug_abbrev  0x000003a6      0x1f8 Drivers/STM32F4xx_HAL_Driver/Src/stm32f4xx_hal.o
 .debug_abbrev  0x0000059e      0x2fe Drivers/STM32F4xx_HAL_Driver/Src/stm32f4xx_hal_cortex.o
 .debug_abbrev  0x0000089c      0x1cd Drivers/STM32F4xx_HAL_Driver/Src/stm32f4xx_hal_gpio.o
 .debug_abbrev  0x00000a69      0x237 Drivers/STM32F4xx_HAL_Driver/Src/stm32f4xx_hal_i2c.o
 .debug_abbrev  0x00000ca0      0x1be Drivers/STM32F4xx_HAL_Driver/Src/stm32f4xx_hal_pwr_ex.o
 .debug_abbrev  0x00000e5e      0x271 Drivers/STM32F4xx_HAL_Driver/Src/stm32f4xx_hal_rcc.o
 .debug_abbrev  0x000010cf      0x220 Drivers/STM32F4xx_HAL_Driver/Src/stm32f4xx_hal_rcc_ex.o
 .debug_abbrev  0x000012ef      0x26f Drivers/STM32F4xx_HAL_Driver/Src/stm32f4xx_hal_uart.o
 .debug_abbrev  0x0000155e      0x148 Src/gpio.o
 .debug_abbrev  0x000016a6      0x1a8 Src/i2c.o
 .debug_abbrev  0x0000184e      0x235 Src/main.o
 .debug_abbrev  0x00001a83       0xc2 Src/stm32f4xx_hal_msp.o
 .debug_abbrev  0x00001b45       0x99 Src/stm32f4xx_it.o
 .debug_abbrev  0x00001bde      0x104 Src/system_stm32f4xx.o
 .debug_abbrev  0x00001ce2      0x1a8 Src/usart.o
 .debug_abbrev  0x00001e8a       0x12 startup/startup_stm32f446xx.o

.debug_aranges  0x00000000      0xa30
 .debug_aranges
                0x00000000       0x18 Drivers/Display/Fonts/font12.o
 .debug_aranges
                0x00000018      0x160 Drivers/Display/lcd.o
 .debug_aranges
                0x00000178       0xe0 Drivers/STM32F4xx_HAL_Driver/Src/stm32f4xx_hal.o
 .debug_aranges
                0x00000258       0xa8 Drivers/STM32F4xx_HAL_Driver/Src/stm32f4xx_hal_cortex.o
 .debug_aranges
                0x00000300       0x58 Drivers/STM32F4xx_HAL_Driver/Src/stm32f4xx_hal_gpio.o
 .debug_aranges
                0x00000358      0x268 Drivers/STM32F4xx_HAL_Driver/Src/stm32f4xx_hal_i2c.o
 .debug_aranges
                0x000005c0       0x60 Drivers/STM32F4xx_HAL_Driver/Src/stm32f4xx_hal_pwr_ex.o
 .debug_aranges
                0x00000620       0x88 Drivers/STM32F4xx_HAL_Driver/Src/stm32f4xx_hal_rcc.o
 .debug_aranges
                0x000006a8       0x78 Drivers/STM32F4xx_HAL_Driver/Src/stm32f4xx_hal_rcc_ex.o
 .debug_aranges
                0x00000720      0x1d0 Drivers/STM32F4xx_HAL_Driver/Src/stm32f4xx_hal_uart.o
 .debug_aranges
                0x000008f0       0x20 Src/gpio.o
 .debug_aranges
                0x00000910       0x30 Src/i2c.o
 .debug_aranges
                0x00000940       0x30 Src/main.o
 .debug_aranges
                0x00000970       0x20 Src/stm32f4xx_hal_msp.o
 .debug_aranges
                0x00000990       0x20 Src/stm32f4xx_it.o
 .debug_aranges
                0x000009b0       0x28 Src/system_stm32f4xx.o
 .debug_aranges
                0x000009d8       0x30 Src/usart.o
 .debug_aranges
                0x00000a08       0x28 startup/startup_stm32f446xx.o

.debug_macro    0x00000000    0x22cdd
 .debug_macro   0x00000000       0x73 Drivers/Display/Fonts/font12.o
 .debug_macro   0x00000073      0x898 Drivers/Display/Fonts/font12.o
 .debug_macro   0x0000090b       0x22 Drivers/Display/Fonts/font12.o
 .debug_macro   0x0000092d       0x87 Drivers/Display/Fonts/font12.o
 .debug_macro   0x000009b4       0x44 Drivers/Display/Fonts/font12.o
 .debug_macro   0x000009f8       0xfd Drivers/Display/Fonts/font12.o
 .debug_macro   0x00000af5       0x5e Drivers/Display/Fonts/font12.o
 .debug_macro   0x00000b53      0x1df Drivers/Display/Fonts/font12.o
 .debug_macro   0x00000d32      0x356 Drivers/Display/lcd.o
 .debug_macro   0x00001088       0x52 Drivers/Display/lcd.o
 .debug_macro   0x000010da       0x35 Drivers/Display/lcd.o
 .debug_macro   0x0000110f       0x9c Drivers/Display/lcd.o
 .debug_macro   0x000011ab       0x16 Drivers/Display/lcd.o
 .debug_macro   0x000011c1      0x10e Drivers/Display/lcd.o
 .debug_macro   0x000012cf       0x8d Drivers/Display/lcd.o
 .debug_macro   0x0000135c       0x52 Drivers/Display/lcd.o
 .debug_macro   0x000013ae       0x1f Drivers/Display/lcd.o
 .debug_macro   0x000013cd       0x43 Drivers/Display/lcd.o
 .debug_macro   0x00001410       0x20 Drivers/Display/lcd.o
 .debug_macro   0x00001430      0x187 Drivers/Display/lcd.o
 .debug_macro   0x000015b7      0x30d Drivers/Display/lcd.o
 .debug_macro   0x000018c4       0x16 Drivers/Display/lcd.o
 .debug_macro   0x000018da       0x29 Drivers/Display/lcd.o
 .debug_macro   0x00001903       0x58 Drivers/Display/lcd.o
 .debug_macro   0x0000195b       0x1c Drivers/Display/lcd.o
 .debug_macro   0x00001977       0x35 Drivers/Display/lcd.o
 .debug_macro   0x000019ac       0x10 Drivers/Display/lcd.o
 .debug_macro   0x000019bc       0x1c Drivers/Display/lcd.o
 .debug_macro   0x000019d8       0x52 Drivers/Display/lcd.o
 .debug_macro   0x00001a2a       0x40 Drivers/Display/lcd.o
 .debug_macro   0x00001a6a       0x10 Drivers/Display/lcd.o
 .debug_macro   0x00001a7a       0x40 Drivers/Display/lcd.o
 .debug_macro   0x00001aba       0xd7 Drivers/Display/lcd.o
 .debug_macro   0x00001b91       0x16 Drivers/Display/lcd.o
 .debug_macro   0x00001ba7      0x18b Drivers/Display/lcd.o
 .debug_macro   0x00001d32      0x3ea Drivers/Display/lcd.o
 .debug_macro   0x0000211c       0x10 Drivers/Display/lcd.o
 .debug_macro   0x0000212c       0x5e Drivers/Display/lcd.o
 .debug_macro   0x0000218a      0x180 Drivers/Display/lcd.o
 .debug_macro   0x0000230a       0x32 Drivers/Display/lcd.o
 .debug_macro   0x0000233c       0x28 Drivers/Display/lcd.o
 .debug_macro   0x00002364       0x3b Drivers/Display/lcd.o
 .debug_macro   0x0000239f       0x50 Drivers/Display/lcd.o
 .debug_macro   0x000023ef      0xe66 Drivers/Display/lcd.o
 .debug_macro   0x00003255    0x16607 Drivers/Display/lcd.o
 .debug_macro   0x0001985c       0x43 Drivers/Display/lcd.o
 .debug_macro   0x0001989f     0x3535 Drivers/Display/lcd.o
 .debug_macro   0x0001cdd4       0x50 Drivers/Display/lcd.o
 .debug_macro   0x0001ce24      0xc90 Drivers/Display/lcd.o
 .debug_macro   0x0001dab4      0xa02 Drivers/Display/lcd.o
 .debug_macro   0x0001e4b6      0x11e Drivers/Display/lcd.o
 .debug_macro   0x0001e5d4      0x1a0 Drivers/Display/lcd.o
 .debug_macro   0x0001e774       0x27 Drivers/Display/lcd.o
 .debug_macro   0x0001e79b      0x287 Drivers/Display/lcd.o
 .debug_macro   0x0001ea22       0x5f Drivers/Display/lcd.o
 .debug_macro   0x0001ea81      0x23a Drivers/Display/lcd.o
 .debug_macro   0x0001ecbb      0x13a Drivers/Display/lcd.o
 .debug_macro   0x0001edf5      0x29c Drivers/Display/lcd.o
 .debug_macro   0x0001f091       0x2e Drivers/Display/lcd.o
 .debug_macro   0x0001f0bf      0x1a7 Drivers/Display/lcd.o
 .debug_macro   0x0001f266       0x22 Drivers/Display/lcd.o
 .debug_macro   0x0001f288       0xa5 Drivers/Display/lcd.o
 .debug_macro   0x0001f32d      0x11e Drivers/Display/lcd.o
 .debug_macro   0x0001f44b       0xe8 Drivers/Display/lcd.o
 .debug_macro   0x0001f533       0x89 Drivers/Display/lcd.o
 .debug_macro   0x0001f5bc      0x287 Drivers/Display/lcd.o
 .debug_macro   0x0001f843      0x12d Drivers/Display/lcd.o
 .debug_macro   0x0001f970       0xfb Drivers/Display/lcd.o
 .debug_macro   0x0001fa6b      0x373 Drivers/STM32F4xx_HAL_Driver/Src/stm32f4xx_hal.o
 .debug_macro   0x0001fdde       0x35 Drivers/STM32F4xx_HAL_Driver/Src/stm32f4xx_hal.o
 .debug_macro   0x0001fe13       0x16 Drivers/STM32F4xx_HAL_Driver/Src/stm32f4xx_hal.o
 .debug_macro   0x0001fe29       0x97 Drivers/STM32F4xx_HAL_Driver/Src/stm32f4xx_hal.o
 .debug_macro   0x0001fec0       0xfd Drivers/STM32F4xx_HAL_Driver/Src/stm32f4xx_hal.o
 .debug_macro   0x0001ffbd       0x10 Drivers/STM32F4xx_HAL_Driver/Src/stm32f4xx_hal.o
 .debug_macro   0x0001ffcd      0x313 Drivers/STM32F4xx_HAL_Driver/Src/stm32f4xx_hal_cortex.o
 .debug_macro   0x000202e0      0x34b Drivers/STM32F4xx_HAL_Driver/Src/stm32f4xx_hal_gpio.o
 .debug_macro   0x0002062b      0x353 Drivers/STM32F4xx_HAL_Driver/Src/stm32f4xx_hal_i2c.o
 .debug_macro   0x0002097e      0x32b Drivers/STM32F4xx_HAL_Driver/Src/stm32f4xx_hal_pwr_ex.o
 .debug_macro   0x00020ca9      0x337 Drivers/STM32F4xx_HAL_Driver/Src/stm32f4xx_hal_rcc.o
 .debug_macro   0x00020fe0      0x313 Drivers/STM32F4xx_HAL_Driver/Src/stm32f4xx_hal_rcc_ex.o
 .debug_macro   0x000212f3      0x314 Drivers/STM32F4xx_HAL_Driver/Src/stm32f4xx_hal_uart.o
 .debug_macro   0x00021607      0x31d Src/gpio.o
 .debug_macro   0x00021924      0x327 Src/i2c.o
 .debug_macro   0x00021c4b      0x3bb Src/main.o
 .debug_macro   0x00022006       0x4c Src/main.o
 .debug_macro   0x00022052       0x16 Src/main.o
 .debug_macro   0x00022068      0x313 Src/stm32f4xx_hal_msp.o
 .debug_macro   0x0002237b      0x31d Src/stm32f4xx_it.o
 .debug_macro   0x00022698      0x31e Src/system_stm32f4xx.o
 .debug_macro   0x000229b6      0x327 Src/usart.o

.debug_line     0x00000000     0xb49b
 .debug_line    0x00000000      0x308 Drivers/Display/Fonts/font12.o
 .debug_line    0x00000308     0x165e Drivers/Display/lcd.o
 .debug_line    0x00001966      0x985 Drivers/STM32F4xx_HAL_Driver/Src/stm32f4xx_hal.o
 .debug_line    0x000022eb      0x9b1 Drivers/STM32F4xx_HAL_Driver/Src/stm32f4xx_hal_cortex.o
 .debug_line    0x00002c9c      0x91f Drivers/STM32F4xx_HAL_Driver/Src/stm32f4xx_hal_gpio.o
 .debug_line    0x000035bb     0x17d6 Drivers/STM32F4xx_HAL_Driver/Src/stm32f4xx_hal_i2c.o
 .debug_line    0x00004d91      0x8bf Drivers/STM32F4xx_HAL_Driver/Src/stm32f4xx_hal_pwr_ex.o
 .debug_line    0x00005650      0xa32 Drivers/STM32F4xx_HAL_Driver/Src/stm32f4xx_hal_rcc.o
 .debug_line    0x00006082      0xbcf Drivers/STM32F4xx_HAL_Driver/Src/stm32f4xx_hal_rcc_ex.o
 .debug_line    0x00006c51     0x104e Drivers/STM32F4xx_HAL_Driver/Src/stm32f4xx_hal_uart.o
 .debug_line    0x00007c9f      0x7ae Src/gpio.o
 .debug_line    0x0000844d      0x7e1 Src/i2c.o
 .debug_line    0x00008c2e      0x8e2 Src/main.o
 .debug_line    0x00009510      0x7aa Src/stm32f4xx_hal_msp.o
 .debug_line    0x00009cba      0x7b1 Src/stm32f4xx_it.o
 .debug_line    0x0000a46b      0x7cd Src/system_stm32f4xx.o
 .debug_line    0x0000ac38      0x7e4 Src/usart.o
 .debug_line    0x0000b41c       0x7f startup/startup_stm32f446xx.o

.debug_str      0x00000000    0xc555a
 .debug_str     0x00000000     0x330d Drivers/Display/Fonts/font12.o
                               0x347e (size before relaxing)
 .debug_str     0x0000330d    0xbf18c Drivers/Display/lcd.o
                              0xc27b3 (size before relaxing)
 .debug_str     0x000c2499      0xb64 Drivers/STM32F4xx_HAL_Driver/Src/stm32f4xx_hal.o
                              0xc1995 (size before relaxing)
 .debug_str     0x000c2ffd      0x3ae Drivers/STM32F4xx_HAL_Driver/Src/stm32f4xx_hal_cortex.o
                              0xc16b4 (size before relaxing)
 .debug_str     0x000c33ab      0x21a Drivers/STM32F4xx_HAL_Driver/Src/stm32f4xx_hal_gpio.o
                              0xc102b (size before relaxing)
 .debug_str     0x000c35c5      0xf27 Drivers/STM32F4xx_HAL_Driver/Src/stm32f4xx_hal_i2c.o
                              0xc1c21 (size before relaxing)
 .debug_str     0x000c44ec      0x14d Drivers/STM32F4xx_HAL_Driver/Src/stm32f4xx_hal_pwr_ex.o
                              0xc0fe7 (size before relaxing)
 .debug_str     0x000c4639      0x369 Drivers/STM32F4xx_HAL_Driver/Src/stm32f4xx_hal_rcc.o
                              0xc1226 (size before relaxing)
 .debug_str     0x000c49a2      0x31c Drivers/STM32F4xx_HAL_Driver/Src/stm32f4xx_hal_rcc_ex.o
                              0xc1259 (size before relaxing)
 .debug_str     0x000c4cbe      0x6cd Drivers/STM32F4xx_HAL_Driver/Src/stm32f4xx_hal_uart.o
                              0xc164b (size before relaxing)
 .debug_str     0x000c538b       0x25 Src/gpio.o
                              0xc0dff (size before relaxing)
 .debug_str     0x000c53b0       0x42 Src/i2c.o
                              0xc133a (size before relaxing)
 .debug_str     0x000c53f2       0x9a Src/main.o
                              0xc300c (size before relaxing)
 .debug_str     0x000c548c       0x1b Src/stm32f4xx_hal_msp.o
                              0xc1169 (size before relaxing)
 .debug_str     0x000c54a7       0x38 Src/stm32f4xx_it.o
                              0xc0c3c (size before relaxing)
 .debug_str     0x000c54df       0x5a Src/system_stm32f4xx.o
                              0xc0e13 (size before relaxing)
 .debug_str     0x000c5539       0x21 Src/usart.o
                              0xc1261 (size before relaxing)

.comment        0x00000000       0x6e
 .comment       0x00000000       0x6e Drivers/Display/Fonts/font12.o
                                 0x6f (size before relaxing)
 .comment       0x0000006e       0x6f Drivers/Display/lcd.o
 .comment       0x0000006e       0x6f Drivers/STM32F4xx_HAL_Driver/Src/stm32f4xx_hal.o
 .comment       0x0000006e       0x6f Drivers/STM32F4xx_HAL_Driver/Src/stm32f4xx_hal_cortex.o
 .comment       0x0000006e       0x6f Drivers/STM32F4xx_HAL_Driver/Src/stm32f4xx_hal_gpio.o
 .comment       0x0000006e       0x6f Drivers/STM32F4xx_HAL_Driver/Src/stm32f4xx_hal_i2c.o
 .comment       0x0000006e       0x6f Drivers/STM32F4xx_HAL_Driver/Src/stm32f4xx_hal_pwr_ex.o
 .comment       0x0000006e       0x6f Drivers/STM32F4xx_HAL_Driver/Src/stm32f4xx_hal_rcc.o
 .comment       0x0000006e       0x6f Drivers/STM32F4xx_HAL_Driver/Src/stm32f4xx_hal_rcc_ex.o
 .comment       0x0000006e       0x6f Drivers/STM32F4xx_HAL_Driver/Src/stm32f4xx_hal_uart.o
 .comment       0x0000006e       0x6f Src/gpio.o
 .comment       0x0000006e       0x6f Src/i2c.o
 .comment       0x0000006e       0x6f Src/main.o
 .comment       0x0000006e       0x6f Src/stm32f4xx_hal_msp.o
 .comment       0x0000006e       0x6f Src/stm32f4xx_it.o
 .comment       0x0000006e       0x6f Src/system_stm32f4xx.o
 .comment       0x0000006e       0x6f Src/usart.o

.debug_loc      0x00000000     0x98ff
 .debug_loc     0x00000000     0x385e Drivers/Display/lcd.o
 .debug_loc     0x0000385e      0x108 Drivers/STM32F4xx_HAL_Driver/Src/stm32f4xx_hal.o
 .debug_loc     0x00003966      0x548 Drivers/STM32F4xx_HAL_Driver/Src/stm32f4xx_hal_cortex.o
 .debug_loc     0x00003eae      0x38f Drivers/STM32F4xx_HAL_Driver/Src/stm32f4xx_hal_gpio.o
 .debug_loc     0x0000423d     0x2ec5 Drivers/STM32F4xx_HAL_Driver/Src/stm32f4xx_hal_i2c.o
 .debug_loc     0x00007102      0x1e7 Drivers/STM32F4xx_HAL_Driver/Src/stm32f4xx_hal_pwr_ex.o
 .debug_loc     0x000072e9      0x481 Drivers/STM32F4xx_HAL_Driver/Src/stm32f4xx_hal_rcc.o
 .debug_loc     0x0000776a      0xbec Drivers/STM32F4xx_HAL_Driver/Src/stm32f4xx_hal_rcc_ex.o
 .debug_loc     0x00008356     0x137a Drivers/STM32F4xx_HAL_Driver/Src/stm32f4xx_hal_uart.o
 .debug_loc     0x000096d0       0x4d Src/i2c.o
 .debug_loc     0x0000971d       0x63 Src/main.o
 .debug_loc     0x00009780      0x132 Src/system_stm32f4xx.o
 .debug_loc     0x000098b2       0x4d Src/usart.o

.debug_ranges   0x00000000      0x940
 .debug_ranges  0x00000000      0x150 Drivers/Display/lcd.o
 .debug_ranges  0x00000150       0xd0 Drivers/STM32F4xx_HAL_Driver/Src/stm32f4xx_hal.o
 .debug_ranges  0x00000220       0x98 Drivers/STM32F4xx_HAL_Driver/Src/stm32f4xx_hal_cortex.o
 .debug_ranges  0x000002b8       0x48 Drivers/STM32F4xx_HAL_Driver/Src/stm32f4xx_hal_gpio.o
 .debug_ranges  0x00000300      0x258 Drivers/STM32F4xx_HAL_Driver/Src/stm32f4xx_hal_i2c.o
 .debug_ranges  0x00000558       0x50 Drivers/STM32F4xx_HAL_Driver/Src/stm32f4xx_hal_pwr_ex.o
 .debug_ranges  0x000005a8       0x90 Drivers/STM32F4xx_HAL_Driver/Src/stm32f4xx_hal_rcc.o
 .debug_ranges  0x00000638       0x80 Drivers/STM32F4xx_HAL_Driver/Src/stm32f4xx_hal_rcc_ex.o
 .debug_ranges  0x000006b8      0x1c0 Drivers/STM32F4xx_HAL_Driver/Src/stm32f4xx_hal_uart.o
 .debug_ranges  0x00000878       0x10 Src/gpio.o
 .debug_ranges  0x00000888       0x20 Src/i2c.o
 .debug_ranges  0x000008a8       0x20 Src/main.o
 .debug_ranges  0x000008c8       0x10 Src/stm32f4xx_hal_msp.o
 .debug_ranges  0x000008d8       0x10 Src/stm32f4xx_it.o
 .debug_ranges  0x000008e8       0x18 Src/system_stm32f4xx.o
 .debug_ranges  0x00000900       0x20 Src/usart.o
 .debug_ranges  0x00000920       0x20 startup/startup_stm32f446xx.o

.debug_frame    0x00000000     0x1f1c
 .debug_frame   0x00000000      0x548 Drivers/Display/lcd.o
 .debug_frame   0x00000548      0x1cc Drivers/STM32F4xx_HAL_Driver/Src/stm32f4xx_hal.o
 .debug_frame   0x00000714      0x154 Drivers/STM32F4xx_HAL_Driver/Src/stm32f4xx_hal_cortex.o
 .debug_frame   0x00000868       0xc4 Drivers/STM32F4xx_HAL_Driver/Src/stm32f4xx_hal_gpio.o
 .debug_frame   0x0000092c      0x808 Drivers/STM32F4xx_HAL_Driver/Src/stm32f4xx_hal_i2c.o
 .debug_frame   0x00001134       0xe8 Drivers/STM32F4xx_HAL_Driver/Src/stm32f4xx_hal_pwr_ex.o
 .debug_frame   0x0000121c      0x170 Drivers/STM32F4xx_HAL_Driver/Src/stm32f4xx_hal_rcc.o
 .debug_frame   0x0000138c      0x13c Drivers/STM32F4xx_HAL_Driver/Src/stm32f4xx_hal_rcc_ex.o
 .debug_frame   0x000014c8      0x4e8 Drivers/STM32F4xx_HAL_Driver/Src/stm32f4xx_hal_uart.o
 .debug_frame   0x000019b0       0x30 Src/gpio.o
 .debug_frame   0x000019e0       0x60 Src/i2c.o
 .debug_frame   0x00001a40       0x58 Src/main.o
 .debug_frame   0x00001a98       0x28 Src/stm32f4xx_hal_msp.o
 .debug_frame   0x00001ac0       0x28 Src/stm32f4xx_it.o
 .debug_frame   0x00001ae8       0x30 Src/system_stm32f4xx.o
 .debug_frame   0x00001b18       0x60 Src/usart.o
 .debug_frame   0x00001b78       0x2c /home/n0ragam1/Ac6/SystemWorkbench/plugins/fr.ac6.mcu.externaltools.arm-none.linux32_1.13.1.201703061523/tools/compiler/bin/../lib/gcc/arm-none-eabi/5.4.1/armv7e-m/fpu/libgcc.a(_aeabi_uldivmod.o)
 .debug_frame   0x00001ba4       0x34 /home/n0ragam1/Ac6/SystemWorkbench/plugins/fr.ac6.mcu.externaltools.arm-none.linux32_1.13.1.201703061523/tools/compiler/bin/../lib/gcc/arm-none-eabi/5.4.1/armv7e-m/fpu/libgcc.a(_udivmoddi4.o)
 .debug_frame   0x00001bd8       0x2c /home/n0ragam1/Ac6/SystemWorkbench/plugins/fr.ac6.mcu.externaltools.arm-none.linux32_1.13.1.201703061523/tools/compiler/bin/../lib/gcc/arm-none-eabi/5.4.1/../../../../arm-none-eabi/lib/armv7e-m/fpu/libc_nano.a(lib_a-init.o)
 .debug_frame   0x00001c04       0x40 /home/n0ragam1/Ac6/SystemWorkbench/plugins/fr.ac6.mcu.externaltools.arm-none.linux32_1.13.1.201703061523/tools/compiler/bin/../lib/gcc/arm-none-eabi/5.4.1/../../../../arm-none-eabi/lib/armv7e-m/fpu/libc_nano.a(lib_a-vsprintf.o)
 .debug_frame   0x00001c44       0x90 /home/n0ragam1/Ac6/SystemWorkbench/plugins/fr.ac6.mcu.externaltools.arm-none.linux32_1.13.1.201703061523/tools/compiler/bin/../lib/gcc/arm-none-eabi/5.4.1/../../../../arm-none-eabi/lib/armv7e-m/fpu/libc_nano.a(lib_a-nano-svfprintf.o)
 .debug_frame   0x00001cd4       0x60 /home/n0ragam1/Ac6/SystemWorkbench/plugins/fr.ac6.mcu.externaltools.arm-none.linux32_1.13.1.201703061523/tools/compiler/bin/../lib/gcc/arm-none-eabi/5.4.1/../../../../arm-none-eabi/lib/armv7e-m/fpu/libc_nano.a(lib_a-nano-vfprintf_i.o)
 .debug_frame   0x00001d34       0x28 /home/n0ragam1/Ac6/SystemWorkbench/plugins/fr.ac6.mcu.externaltools.arm-none.linux32_1.13.1.201703061523/tools/compiler/bin/../lib/gcc/arm-none-eabi/5.4.1/../../../../arm-none-eabi/lib/armv7e-m/fpu/libc_nano.a(lib_a-memcpy-stub.o)
 .debug_frame   0x00001d5c       0x28 /home/n0ragam1/Ac6/SystemWorkbench/plugins/fr.ac6.mcu.externaltools.arm-none.linux32_1.13.1.201703061523/tools/compiler/bin/../lib/gcc/arm-none-eabi/5.4.1/../../../../arm-none-eabi/lib/armv7e-m/fpu/libc_nano.a(lib_a-memmove.o)
 .debug_frame   0x00001d84       0x38 /home/n0ragam1/Ac6/SystemWorkbench/plugins/fr.ac6.mcu.externaltools.arm-none.linux32_1.13.1.201703061523/tools/compiler/bin/../lib/gcc/arm-none-eabi/5.4.1/../../../../arm-none-eabi/lib/armv7e-m/fpu/libc_nano.a(lib_a-nano-freer.o)
 .debug_frame   0x00001dbc       0x2c /home/n0ragam1/Ac6/SystemWorkbench/plugins/fr.ac6.mcu.externaltools.arm-none.linux32_1.13.1.201703061523/tools/compiler/bin/../lib/gcc/arm-none-eabi/5.4.1/../../../../arm-none-eabi/lib/armv7e-m/fpu/libc_nano.a(lib_a-nano-mallocr.o)
 .debug_frame   0x00001de8       0x3c /home/n0ragam1/Ac6/SystemWorkbench/plugins/fr.ac6.mcu.externaltools.arm-none.linux32_1.13.1.201703061523/tools/compiler/bin/../lib/gcc/arm-none-eabi/5.4.1/../../../../arm-none-eabi/lib/armv7e-m/fpu/libc_nano.a(lib_a-nano-reallocr.o)
 .debug_frame   0x00001e24       0x2c /home/n0ragam1/Ac6/SystemWorkbench/plugins/fr.ac6.mcu.externaltools.arm-none.linux32_1.13.1.201703061523/tools/compiler/bin/../lib/gcc/arm-none-eabi/5.4.1/../../../../arm-none-eabi/lib/armv7e-m/fpu/libc_nano.a(lib_a-sbrkr.o)
 .debug_frame   0x00001e50       0x30 /home/n0ragam1/Ac6/SystemWorkbench/plugins/fr.ac6.mcu.externaltools.arm-none.linux32_1.13.1.201703061523/tools/compiler/bin/../lib/gcc/arm-none-eabi/5.4.1/../../../../arm-none-eabi/lib/armv7e-m/fpu/libc_nano.a(lib_a-mlock.o)
 .debug_frame   0x00001e80       0x20 /home/n0ragam1/Ac6/SystemWorkbench/plugins/fr.ac6.mcu.externaltools.arm-none.linux32_1.13.1.201703061523/tools/compiler/bin/../lib/gcc/arm-none-eabi/5.4.1/../../../../arm-none-eabi/lib/armv7e-m/fpu/libc_nano.a(lib_a-nano-msizer.o)
 .debug_frame   0x00001ea0       0x5c /home/n0ragam1/Ac6/SystemWorkbench/plugins/fr.ac6.mcu.externaltools.arm-none.linux32_1.13.1.201703061523/tools/compiler/bin/../lib/gcc/arm-none-eabi/5.4.1/../../../../arm-none-eabi/lib/armv7e-m/fpu/libc_nano.a(lib_a-reent.o)
 .debug_frame   0x00001efc       0x20 /home/n0ragam1/Ac6/SystemWorkbench/plugins/fr.ac6.mcu.externaltools.arm-none.linux32_1.13.1.201703061523/tools/compiler/bin/../lib/gcc/arm-none-eabi/5.4.1/../../../../arm-none-eabi/lib/armv7e-m/fpu/libnosys.a(sbrk.o)
