13:43:42 **** Incremental Build of configuration Debug for project G8-Display ****
make all 
Building file: ../Src/main.c
Invoking: MCU GCC Compiler
/home/n0ragam1/workspace/G8-Display/Debug
arm-none-eabi-gcc -mcpu=cortex-m4 -mthumb -mfloat-abi=hard -mfpu=fpv4-sp-d16 '-D__weak=__attribute__((weak))' '-D__packed="__attribute__((__packed__))"' -DUSE_HAL_DRIVER -DSTM32F446xx -I"/home/n0ragam1/workspace/G8-Display/Inc" -I"/home/n0ragam1/workspace/G8-Display/Drivers/Display" -I"/home/n0ragam1/workspace/G8-Display/Drivers/STM32F4xx_HAL_Driver/Inc" -I"/home/n0ragam1/workspace/G8-Display/Drivers/STM32F4xx_HAL_Driver/Inc/Legacy" -I"/home/n0ragam1/workspace/G8-Display/Drivers/CMSIS/Device/ST/STM32F4xx/Include" -I"/home/n0ragam1/workspace/G8-Display/Drivers/CMSIS/Include"  -Og -g3 -Wall -fmessage-length=0 -ffunction-sections -c -fmessage-length=0 -MMD -MP -MF"Src/main.d" -MT"Src/main.o" -o "Src/main.o" "../Src/main.c"
../Src/main.c: In function 'main':
../Src/main.c:170:17: warning: pointer targets in passing argument 1 of 'strcmp' differ in signedness [-Wpointer-sign]
      if (strcmp(left, command) == 0 )
                 ^
In file included from /home/n0ragam1/Ac6/SystemWorkbench/plugins/fr.ac6.mcu.externaltools.arm-none.linux32_1.13.1.201703061523/tools/compiler/arm-none-eabi/include/stdio.h:29:0,
                 from /home/n0ragam1/workspace/G8-Display/Drivers/STM32F4xx_HAL_Driver/Inc/stm32f4xx_hal_def.h:48,
                 from /home/n0ragam1/workspace/G8-Display/Drivers/STM32F4xx_HAL_Driver/Inc/stm32f4xx_hal_rcc.h:45,
                 from /home/n0ragam1/workspace/G8-Display/Inc/stm32f4xx_hal_conf.h:244,
                 from /home/n0ragam1/workspace/G8-Display/Drivers/STM32F4xx_HAL_Driver/Inc/stm32f4xx_hal.h:46,
                 from ../Src/main.c:41:
/home/n0ragam1/Ac6/SystemWorkbench/plugins/fr.ac6.mcu.externaltools.arm-none.linux32_1.13.1.201703061523/tools/compiler/arm-none-eabi/include/string.h:32:6: note: expected 'const char *' but argument is of type 'uint8_t * {aka unsigned char *}'
 int  _EXFUN(strcmp,(const char *, const char *));
      ^
../Src/main.c:170:23: warning: pointer targets in passing argument 2 of 'strcmp' differ in signedness [-Wpointer-sign]
      if (strcmp(left, command) == 0 )
                       ^
In file included from /home/n0ragam1/Ac6/SystemWorkbench/plugins/fr.ac6.mcu.externaltools.arm-none.linux32_1.13.1.201703061523/tools/compiler/arm-none-eabi/include/stdio.h:29:0,
                 from /home/n0ragam1/workspace/G8-Display/Drivers/STM32F4xx_HAL_Driver/Inc/stm32f4xx_hal_def.h:48,
                 from /home/n0ragam1/workspace/G8-Display/Drivers/STM32F4xx_HAL_Driver/Inc/stm32f4xx_hal_rcc.h:45,
                 from /home/n0ragam1/workspace/G8-Display/Inc/stm32f4xx_hal_conf.h:244,
                 from /home/n0ragam1/workspace/G8-Display/Drivers/STM32F4xx_HAL_Driver/Inc/stm32f4xx_hal.h:46,
                 from ../Src/main.c:41:
/home/n0ragam1/Ac6/SystemWorkbench/plugins/fr.ac6.mcu.externaltools.arm-none.linux32_1.13.1.201703061523/tools/compiler/arm-none-eabi/include/string.h:32:6: note: expected 'const char *' but argument is of type 'uint8_t * {aka unsigned char *}'
 int  _EXFUN(strcmp,(const char *, const char *));
      ^
../Src/main.c:172:17: warning: pointer targets in passing argument 1 of 'strcmp' differ in signedness [-Wpointer-sign]
      if (strcmp(right, command) == 0 )
                 ^
In file included from /home/n0ragam1/Ac6/SystemWorkbench/plugins/fr.ac6.mcu.externaltools.arm-none.linux32_1.13.1.201703061523/tools/compiler/arm-none-eabi/include/stdio.h:29:0,
                 from /home/n0ragam1/workspace/G8-Display/Drivers/STM32F4xx_HAL_Driver/Inc/stm32f4xx_hal_def.h:48,
                 from /home/n0ragam1/workspace/G8-Display/Drivers/STM32F4xx_HAL_Driver/Inc/stm32f4xx_hal_rcc.h:45,
                 from /home/n0ragam1/workspace/G8-Display/Inc/stm32f4xx_hal_conf.h:244,
                 from /home/n0ragam1/workspace/G8-Display/Drivers/STM32F4xx_HAL_Driver/Inc/stm32f4xx_hal.h:46,
                 from ../Src/main.c:41:
/home/n0ragam1/Ac6/SystemWorkbench/plugins/fr.ac6.mcu.externaltools.arm-none.linux32_1.13.1.201703061523/tools/compiler/arm-none-eabi/include/string.h:32:6: note: expected 'const char *' but argument is of type 'uint8_t * {aka unsigned char *}'
 int  _EXFUN(strcmp,(const char *, const char *));
      ^
../Src/main.c:172:24: warning: pointer targets in passing argument 2 of 'strcmp' differ in signedness [-Wpointer-sign]
      if (strcmp(right, command) == 0 )
                        ^
In file included from /home/n0ragam1/Ac6/SystemWorkbench/plugins/fr.ac6.mcu.externaltools.arm-none.linux32_1.13.1.201703061523/tools/compiler/arm-none-eabi/include/stdio.h:29:0,
                 from /home/n0ragam1/workspace/G8-Display/Drivers/STM32F4xx_HAL_Driver/Inc/stm32f4xx_hal_def.h:48,
                 from /home/n0ragam1/workspace/G8-Display/Drivers/STM32F4xx_HAL_Driver/Inc/stm32f4xx_hal_rcc.h:45,
                 from /home/n0ragam1/workspace/G8-Display/Inc/stm32f4xx_hal_conf.h:244,
                 from /home/n0ragam1/workspace/G8-Display/Drivers/STM32F4xx_HAL_Driver/Inc/stm32f4xx_hal.h:46,
                 from ../Src/main.c:41:
/home/n0ragam1/Ac6/SystemWorkbench/plugins/fr.ac6.mcu.externaltools.arm-none.linux32_1.13.1.201703061523/tools/compiler/arm-none-eabi/include/string.h:32:6: note: expected 'const char *' but argument is of type 'uint8_t * {aka unsigned char *}'
 int  _EXFUN(strcmp,(const char *, const char *));
      ^
../Src/main.c:130:11: warning: unused variable 'counterRST' [-Wunused-variable]
   uint8_t counterRST = 0;
           ^
../Src/main.c:128:11: warning: unused variable 'restart' [-Wunused-variable]
   uint8_t restart[5] = {0};
           ^
../Src/main.c: In function 'IsExit':
../Src/main.c:263:11: warning: unused variable 'height' [-Wunused-variable]
  uint16_t height = 10;
           ^
../Src/main.c: In function 'MoveRectClick':
../Src/main.c:356:17: warning: variable 'btn4' set but not used [-Wunused-but-set-variable]
   GPIO_PinState btn4 = GPIO_PIN_RESET;
                 ^
Finished building: ../Src/main.c
 
Building target: G8-Display.elf
Invoking: MCU GCC Linker
arm-none-eabi-gcc -mcpu=cortex-m4 -mthumb -mfloat-abi=hard -mfpu=fpv4-sp-d16 -specs=nosys.specs -specs=nano.specs -T"../STM32F446RETx_FLASH.ld" -Wl,-Map=output.map -Wl,--gc-sections -lm -o "G8-Display.elf" @"objects.list"  
Finished building target: G8-Display.elf
 
make --no-print-directory post-build
Generating binary and Printing size information:
arm-none-eabi-objcopy -O binary "G8-Display.elf" "G8-Display.bin"
arm-none-eabi-size "G8-Display.elf"
   text	   data	    bss	    dec	    hex	filename
  22804	    128	   2120	  25052	   61dc	G8-Display.elf
 

13:43:44 Build Finished (took 1s.797ms)

