14:37:33 **** Incremental Build of configuration Debug for project G8-HW2 ****
make all 
Building file: ../Src/main.c
Invoking: MCU GCC Compiler
/home/n0ragam1/workspace/G8-HW2/Debug
arm-none-eabi-gcc -mcpu=cortex-m4 -mthumb -mfloat-abi=hard -mfpu=fpv4-sp-d16 '-D__weak=__attribute__((weak))' '-D__packed="__attribute__((__packed__))"' -DUSE_HAL_DRIVER -DSTM32F446xx -I"/home/n0ragam1/workspace/G8-HW2/Inc" -I"/home/n0ragam1/workspace/G8-HW2/Drivers/STM32F4xx_HAL_Driver/Inc" -I"/home/n0ragam1/workspace/G8-HW2/Drivers/STM32F4xx_HAL_Driver/Inc/Legacy" -I"/home/n0ragam1/workspace/G8-HW2/Drivers/CMSIS/Device/ST/STM32F4xx/Include" -I"/home/n0ragam1/workspace/G8-HW2/Drivers/CMSIS/Include"  -Og -g3 -Wall -fmessage-length=0 -ffunction-sections -c -fmessage-length=0 -MMD -MP -MF"Src/main.d" -MT"Src/main.o" -o "Src/main.o" "../Src/main.c"
../Src/main.c: In function 'main':
../Src/main.c:112:17: warning: variable 'prev3BtnState' set but not used [-Wunused-but-set-variable]
   GPIO_PinState prev3BtnState = GPIO_PIN_SET;
                 ^
../Src/main.c:111:17: warning: variable 'prev2BtnState' set but not used [-Wunused-but-set-variable]
   GPIO_PinState prev2BtnState = GPIO_PIN_RESET;
                 ^
../Src/main.c:110:17: warning: variable 'prev1BtnState' set but not used [-Wunused-but-set-variable]
   GPIO_PinState prev1BtnState = GPIO_PIN_RESET;
                 ^
../Src/main.c:109:12: warning: unused variable 'period' [-Wunused-variable]
   uint32_t period = 600;
            ^
Finished building: ../Src/main.c
 
Building target: G8-HW2.elf
Invoking: MCU GCC Linker
arm-none-eabi-gcc -mcpu=cortex-m4 -mthumb -mfloat-abi=hard -mfpu=fpv4-sp-d16 -specs=nosys.specs -specs=nano.specs -T"../STM32F446RETx_FLASH.ld" -Wl,-Map=output.map -Wl,--gc-sections -lm -o "G8-HW2.elf" @"objects.list"  
Finished building target: G8-HW2.elf
 
make --no-print-directory post-build
Generating binary and Printing size information:
arm-none-eabi-objcopy -O binary "G8-HW2.elf" "G8-HW2.bin"
arm-none-eabi-size "G8-HW2.elf"
   text	   data	    bss	    dec	    hex	filename
   6240	     20	   1636	   7896	   1ed8	G8-HW2.elf
 

14:37:34 Build Finished (took 1s.407ms)

