22:14:10 **** Incremental Build of configuration Debug for project G8-L20 ****
make all 
Building file: ../Src/main.c
Invoking: MCU GCC Compiler
/home/n0ragam1/workspace/G8-L20/Debug
arm-none-eabi-gcc -mcpu=cortex-m4 -mthumb -mfloat-abi=hard -mfpu=fpv4-sp-d16 '-D__weak=__attribute__((weak))' '-D__packed="__attribute__((__packed__))"' -DUSE_HAL_DRIVER -DSTM32F446xx -I"/home/n0ragam1/workspace/G8-L20/Inc" -I"/home/n0ragam1/workspace/G8-L20/Drivers/Display" -I"/home/n0ragam1/workspace/G8-L20/Drivers/STM32F4xx_HAL_Driver/Inc" -I"/home/n0ragam1/workspace/G8-L20/Drivers/STM32F4xx_HAL_Driver/Inc/Legacy" -I"/home/n0ragam1/workspace/G8-L20/Drivers/CMSIS/Device/ST/STM32F4xx/Include" -I"/home/n0ragam1/workspace/G8-L20/Drivers/CMSIS/Include"  -Og -g3 -Wall -fmessage-length=0 -ffunction-sections -c -fmessage-length=0 -MMD -MP -MF"Src/main.d" -MT"Src/main.o" -o "Src/main.o" "../Src/main.c"
../Src/main.c: In function 'main':
../Src/main.c:114:81: warning: passing argument 5 of 'HAL_I2C_Mem_Write' from incompatible pointer type [-Wincompatible-pointer-types]
   HAL_I2C_Mem_Write(&hi2c1, EEPROM_DEVICE_ADDRESS, 0x00, I2C_MEMADD_SIZE_16BIT, &num, writedNum, 100);
                                                                                 ^
In file included from /home/n0ragam1/workspace/G8-L20/Inc/stm32f4xx_hal_conf.h:320:0,
                 from /home/n0ragam1/workspace/G8-L20/Drivers/STM32F4xx_HAL_Driver/Inc/stm32f4xx_hal.h:46,
                 from /home/n0ragam1/workspace/G8-L20/Inc/main.h:45,
                 from ../Src/main.c:40:
/home/n0ragam1/workspace/G8-L20/Drivers/STM32F4xx_HAL_Driver/Inc/stm32f4xx_hal_i2c.h:501:19: note: expected 'uint8_t * {aka unsigned char *}' but argument is of type 'uint16_t * {aka short unsigned int *}'
 HAL_StatusTypeDef HAL_I2C_Mem_Write(I2C_HandleTypeDef *hi2c, uint16_t DevAddress, uint16_t MemAddress, uint16_t MemAddSize, uint8_t *pData, uint16_t Size, uint32_t Timeout);
                   ^
Finished building: ../Src/main.c
 
Building target: G8-L20.elf
Invoking: MCU GCC Linker
arm-none-eabi-gcc -mcpu=cortex-m4 -mthumb -mfloat-abi=hard -mfpu=fpv4-sp-d16 -specs=nosys.specs -specs=nano.specs -T"../STM32F446RETx_FLASH.ld" -Wl,-Map=output.map -Wl,--gc-sections -lm -o "G8-L20.elf" @"objects.list"  
Finished building target: G8-L20.elf
 
make --no-print-directory post-build
Generating binary and Printing size information:
arm-none-eabi-objcopy -O binary "G8-L20.elf" "G8-L20.bin"
arm-none-eabi-size "G8-L20.elf"
   text	   data	    bss	    dec	    hex	filename
  21836	    128	   2008	  23972	   5da4	G8-L20.elf
 

22:14:12 Build Finished (took 1s.919ms)

